Map : 11-462-8967-625545-321309969, persistence : 1.0, octave : 3.0, fact : 0.1, periods : (8,8)
# dim=80 saison=3j an=57600 ticks | loups=3 moutons=80 ours=0 humains=0
# loupAge=30 moutonAge=30 loupE=1500 moutonE=1500
day	season	loups	moutons	ours	humains
0	SPRING	3	80	0	0	Em=1500	El=1500	herbe=45%	brinsMoy=3.82	moutonSurHerbe=40%	{Errance=80}
1	SPRING	3	79	0	0	Em=1150	El=969	herbe=78%	brinsMoy=3.82	moutonSurHerbe=63%	{Broute=1, Cherche terre=1, Errance=1, Fuit loup=28, Regroupement=48}
2	SPRING	3	53	0	0	Em=1147	El=1052	herbe=78%	brinsMoy=3.82	moutonSurHerbe=79%	{Broute=2, Errance=1, Fuit loup=2, Méfiance=1, Regroupement=47}
3	SUMMER	3	50	0	0	Em=1139	El=737	herbe=78%	brinsMoy=3.82	moutonSurHerbe=26%	{Broute=1, Fuit loup=1, Regroupement=48}
4	SUMMER	3	44	0	0	Em=1131	El=778	herbe=78%	brinsMoy=3.50	moutonSurHerbe=66%	{Broute=2, Cherche terre=1, Errance=1, Fuit loup=9, Regroupement=31}
5	SUMMER	3	38	0	0	Em=1128	El=639	herbe=78%	brinsMoy=3.50	moutonSurHerbe=76%	{Broute=1, Fuit loup=22, Méfiance=1, Regroupement=14}
6	AUTUMN	2	34	0	0	Em=1151	El=748	herbe=78%	brinsMoy=3.50	moutonSurHerbe=94%	{Broute=1, Cherche terre=1, Errance=3, Fuit loup=1, Regroupement=28}
7	AUTUMN	1	31	0	0	Em=1150	El=919	herbe=77%	brinsMoy=2.27	moutonSurHerbe=87%	{Cherche partenaire=29, Errance=2}
8	AUTUMN	0	26	0	0	Em=1141	El=0	herbe=77%	brinsMoy=2.28	moutonSurHerbe=73%	{Cherche partenaire=24, Errance=2}
9	WINTER	0	26	0	0	Em=777	El=0	herbe=72%	brinsMoy=2.28	moutonSurHerbe=42%	{Broute=1, Cherche partenaire=13, Cherche terre=2, Errance=1, Fuit feu=9}
10	WINTER	0	18	0	0	Em=1152	El=0	herbe=77%	brinsMoy=1.00	moutonSurHerbe=72%	{Regroupement=18}
11	WINTER	0	18	0	0	Em=1143	El=0	herbe=77%	brinsMoy=1.00	moutonSurHerbe=67%	{Regroupement=18}
12	SPRING	0	18	0	0	Em=1106	El=0	herbe=77%	brinsMoy=1.00	moutonSurHerbe=61%	{Broute=2, Cherche herbe=1, Regroupement=15}
13	SPRING	0	18	0	0	Em=1097	El=0	herbe=77%	brinsMoy=3.88	moutonSurHerbe=67%	{Cherche terre=1, Regroupement=17}
14	SPRING	0	17	0	0	Em=1092	El=0	herbe=77%	brinsMoy=3.88	moutonSurHerbe=71%	{Broute=1, Cherche herbe=1, Regroupement=15}
15	SUMMER	0	16	0	0	Em=1144	El=0	herbe=77%	brinsMoy=3.88	moutonSurHerbe=69%	{Broute=1, Regroupement=15}
16	SUMMER	0	16	0	0	Em=1153	El=0	herbe=77%	brinsMoy=3.55	moutonSurHerbe=69%	{Regroupement=16}
17	SUMMER	0	16	0	0	Em=1155	El=0	herbe=75%	brinsMoy=3.53	moutonSurHerbe=63%	{Regroupement=16}
18	AUTUMN	0	16	0	0	Em=1148	El=0	herbe=77%	brinsMoy=3.55	moutonSurHerbe=69%	{Regroupement=16}
19	AUTUMN	0	27	0	0	Em=813	El=0	herbe=77%	brinsMoy=2.30	moutonSurHerbe=56%	{Cherche partenaire=15, Cherche terre=2, Errance=9, Regroupement=1}
20	AUTUMN	0	26	0	0	Em=776	El=0	herbe=76%	brinsMoy=2.30	moutonSurHerbe=35%	{Broute=2, Cherche partenaire=18, Cherche terre=5, Errance=1}
21	WINTER	0	22	0	0	Em=885	El=0	herbe=77%	brinsMoy=2.30	moutonSurHerbe=91%	{Cherche partenaire=22}
22	WINTER	0	22	0	0	Em=877	El=0	herbe=76%	brinsMoy=1.00	moutonSurHerbe=73%	{Broute=1, Cherche herbe=1, Regroupement=20}
23	WINTER	0	22	0	0	Em=886	El=0	herbe=77%	brinsMoy=1.00	moutonSurHerbe=64%	{Regroupement=22}
24	SPRING	0	22	0	0	Em=891	El=0	herbe=76%	brinsMoy=1.00	moutonSurHerbe=68%	{Broute=2, Regroupement=20}
25	SPRING	0	22	0	0	Em=763	El=0	herbe=76%	brinsMoy=3.89	moutonSurHerbe=73%	{Errance=1, Fuit feu=6, Regroupement=15}
26	SPRING	0	22	0	0	Em=891	El=0	herbe=77%	brinsMoy=3.89	moutonSurHerbe=82%	{Broute=2, Errance=1, Regroupement=19}
27	SUMMER	0	22	0	0	Em=886	El=0	herbe=77%	brinsMoy=3.89	moutonSurHerbe=95%	{Regroupement=22}
28	SUMMER	0	22	0	0	Em=889	El=0	herbe=77%	brinsMoy=3.55	moutonSurHerbe=100%	{Regroupement=22}
29	SUMMER	0	22	0	0	Em=891	El=0	herbe=77%	brinsMoy=3.55	moutonSurHerbe=100%	{Regroupement=22}
30	AUTUMN	0	22	0	0	Em=891	El=0	herbe=71%	brinsMoy=3.54	moutonSurHerbe=100%	{Broute=1, Regroupement=21}
31	AUTUMN	0	7	0	0	Em=336	El=0	herbe=77%	brinsMoy=2.30	moutonSurHerbe=100%	{Cherche partenaire=7}
32	AUTUMN	0	7	0	0	Em=332	El=0	herbe=76%	brinsMoy=2.31	moutonSurHerbe=57%	{Cherche partenaire=7}
33	WINTER	0	7	0	0	Em=318	El=0	herbe=76%	brinsMoy=2.31	moutonSurHerbe=57%	{Cherche partenaire=7}
34	WINTER	0	6	0	0	Em=329	El=0	herbe=77%	brinsMoy=1.00	moutonSurHerbe=100%	{Errance=1, Regroupement=5}
35	WINTER	0	6	0	0	Em=316	El=0	herbe=75%	brinsMoy=1.00	moutonSurHerbe=50%	{Errance=1, Regroupement=5}
36	SPRING	0	6	0	0	Em=278	El=0	herbe=76%	brinsMoy=1.00	moutonSurHerbe=17%	{Cherche terre=1, Errance=1, Regroupement=4}
37	SPRING	0	4	0	0	Em=326	El=0	herbe=77%	brinsMoy=3.89	moutonSurHerbe=100%	{Errance=1, Regroupement=3}
38	SPRING	0	4	0	0	Em=315	El=0	herbe=77%	brinsMoy=3.89	moutonSurHerbe=100%	{Errance=1, Regroupement=3}
39	SUMMER	0	4	0	0	Em=333	El=0	herbe=77%	brinsMoy=3.89	moutonSurHerbe=75%	{Errance=1, Regroupement=3}
40	SUMMER	0	4	0	0	Em=319	El=0	herbe=77%	brinsMoy=3.55	moutonSurHerbe=100%	{Errance=1, Regroupement=3}
41	SUMMER	0	4	0	0	Em=336	El=0	herbe=75%	brinsMoy=3.55	moutonSurHerbe=25%	{Cherche terre=1, Errance=1, Regroupement=2}
42	AUTUMN	0	4	0	0	Em=318	El=0	herbe=77%	brinsMoy=3.55	moutonSurHerbe=75%	{Cherche terre=1, Errance=1, Regroupement=2}
43	AUTUMN	0	4	0	0	Em=331	El=0	herbe=76%	brinsMoy=2.30	moutonSurHerbe=75%	{Cherche partenaire=4}
44	AUTUMN	0	4	0	0	Em=251	El=0	herbe=77%	brinsMoy=2.30	moutonSurHerbe=75%	{Cherche partenaire=3, Cherche terre=1}
45	WINTER	0	3	0	0	Em=279	El=0	herbe=76%	brinsMoy=2.31	moutonSurHerbe=0%	{Cherche partenaire=2, Cherche terre=1}
46	WINTER	0	3	0	0	Em=343	El=0	herbe=76%	brinsMoy=1.00	moutonSurHerbe=100%	{Errance=1, Regroupement=2}
47	WINTER	0	3	0	0	Em=312	El=0	herbe=76%	brinsMoy=1.00	moutonSurHerbe=100%	{Regroupement=3}
48	SPRING	0	3	0	0	Em=327	El=0	herbe=76%	brinsMoy=1.00	moutonSurHerbe=33%	{Regroupement=3}
49	SPRING	0	1	0	0	Em=302	El=0	herbe=76%	brinsMoy=3.88	moutonSurHerbe=100%	{Errance=1}
50	SPRING	0	1	0	0	Em=331	El=0	herbe=77%	brinsMoy=3.89	moutonSurHerbe=100%	{Errance=1}
51	SUMMER	0	1	0	0	Em=352	El=0	herbe=77%	brinsMoy=3.89	moutonSurHerbe=100%	{Errance=1}
52	SUMMER	0	1	0	0	Em=304	El=0	herbe=76%	brinsMoy=3.55	moutonSurHerbe=100%	{Errance=1}
53	SUMMER	0	1	0	0	Em=305	El=0	herbe=76%	brinsMoy=3.55	moutonSurHerbe=100%	{Errance=1}
54	AUTUMN	0	1	0	0	Em=345	El=0	herbe=77%	brinsMoy=3.55	moutonSurHerbe=0%	{Errance=1}
55	AUTUMN	0	1	0	0	Em=320	El=0	herbe=77%	brinsMoy=2.30	moutonSurHerbe=0%	{Errance=1}
56	AUTUMN	0	1	0	0	Em=332	El=0	herbe=77%	brinsMoy=2.30	moutonSurHerbe=0%	{Errance=1}
57	WINTER	0	1	0	0	Em=315	El=0	herbe=77%	brinsMoy=2.30	moutonSurHerbe=100%	{Errance=1}
58	WINTER	0	1	0	0	Em=305	El=0	herbe=77%	brinsMoy=1.00	moutonSurHerbe=0%	{Errance=1}
59	WINTER	0	1	0	0	Em=328	El=0	herbe=77%	brinsMoy=1.00	moutonSurHerbe=100%	{Errance=1}
60	SPRING	0	1	0	0	Em=327	El=0	herbe=77%	brinsMoy=1.00	moutonSurHerbe=100%	{Errance=1}
61	SPRING	0	0	0	0	Em=0	El=0	herbe=77%	brinsMoy=3.89	moutonSurHerbe=0%	{}
# EXTINCTION TOTALE jour 61
# --- BILAN ---
# loups   min=0  EXTINCT à un moment
# moutons min=0  EXTINCT à un moment
  [rut MOUTON] j6 : 34 moutons
  [rut LOUP]   j9 : 0 loups
  [rut MOUTON] j18 : 16 moutons
  [rut LOUP]   j21 : 0 loups
  [rut MOUTON] j30 : 22 moutons
  [rut LOUP]   j33 : 0 loups
  [rut MOUTON] j42 : 4 moutons
  [rut LOUP]   j45 : 0 loups
  [rut MOUTON] j54 : 1 moutons
  [rut LOUP]   j57 : 0 loups
