Map : 30-546-5201-970841-1146546678, persistence : 1.0, octave : 3.0, fact : 0.08, periods : (8,8)
# dim=100 saison=3j an=57600 ticks | loups=0 moutons=20 ours=0 humains=0
# loupAge=15 moutonAge=24 loupE=1500 moutonE=10000
day	season	loups	moutons	ours	humains
0	SPRING	0	20	0	0	Em=10000	El=0	herbe=41%	moutonSurHerbe=40%
1	SPRING	0	20	0	0	Em=9520	El=0	herbe=42%	moutonSurHerbe=30%
2	SPRING	0	17	0	0	Em=9045	El=0	herbe=41%	moutonSurHerbe=41%
3	SUMMER	0	17	0	0	Em=8543	El=0	herbe=41%	moutonSurHerbe=41%
4	SUMMER	0	17	0	0	Em=8030	El=0	herbe=41%	moutonSurHerbe=41%
5	SUMMER	0	17	0	0	Em=7588	El=0	herbe=39%	moutonSurHerbe=53%
6	AUTUMN	0	17	0	0	Em=7452	El=0	herbe=38%	moutonSurHerbe=12%
7	AUTUMN	0	29	0	0	Em=4341	El=0	herbe=37%	moutonSurHerbe=0%
8	AUTUMN	0	24	0	0	Em=3961	El=0	herbe=30%	moutonSurHerbe=8%
9	WINTER	0	6	0	0	Em=2191	El=0	herbe=24%	moutonSurHerbe=0%
10	WINTER	0	4	0	0	Em=2326	El=0	herbe=20%	moutonSurHerbe=0%
11	WINTER	0	1	0	0	Em=484	El=0	herbe=14%	moutonSurHerbe=0%
12	SPRING	0	0	0	0	Em=0	El=0	herbe=15%	moutonSurHerbe=0%
# EXTINCTION TOTALE jour 12
# --- BILAN ---
# loups   min=0  EXTINCT à un moment
# moutons min=0  EXTINCT à un moment
  [rut MOUTON] j6 : 17 moutons
  [rut LOUP]   j9 : 0 loups
