Map : 15-326-4076-704384-1808991492, persistence : 1.0, octave : 3.0, fact : 0.1, periods : (8,8)
# dim=80 saison=3j an=57600 ticks | loups=3 moutons=70 ours=0 humains=0
# loupAge=30 moutonAge=30 loupE=1500 moutonE=1500
day	season	loups	moutons	ours	humains
0	SPRING	3	70	0	0	Em=1500	El=1500	herbe=40%	brinsMoy=3.34	moutonSurHerbe=20%	{Errance=70}
1	SPRING	3	63	0	0	Em=1121	El=756	herbe=70%	brinsMoy=3.37	moutonSurHerbe=79%	{Broute=7, Cherche terre=4, Errance=1, Fuit loup=2, Méfiance=1, Regroupement=48}
2	SPRING	3	56	0	0	Em=1120	El=746	herbe=70%	brinsMoy=3.37	moutonSurHerbe=73%	{Broute=1, Cherche herbe=1, Cherche terre=3, Errance=1, Regroupement=50}
3	SUMMER	3	47	0	0	Em=1119	El=592	herbe=70%	brinsMoy=3.38	moutonSurHerbe=64%	{Broute=1, Cherche terre=3, Fuit loup=2, Regroupement=41}
4	SUMMER	3	37	0	0	Em=1080	El=550	herbe=70%	brinsMoy=3.11	moutonSurHerbe=57%	{Broute=4, Cherche terre=5, Errance=2, Fuit loup=1, Regroupement=25}
5	SUMMER	3	28	0	0	Em=1147	El=552	herbe=70%	brinsMoy=3.11	moutonSurHerbe=46%	{Errance=1, Regroupement=27}
6	AUTUMN	3	18	0	0	Em=1139	El=545	herbe=70%	brinsMoy=3.11	moutonSurHerbe=50%	{Errance=1, Fuit loup=3, Regroupement=14}
7	AUTUMN	3	23	0	0	Em=750	El=531	herbe=70%	brinsMoy=2.04	moutonSurHerbe=26%	{Broute=1, Cherche partenaire=9, Cherche terre=3, Errance=4, Fuit loup=1, Regroupement=5}
8	AUTUMN	2	24	0	0	Em=657	El=552	herbe=69%	brinsMoy=2.05	moutonSurHerbe=33%	{Broute=2, Cherche partenaire=9, Cherche terre=6, Errance=4, Regroupement=3}
9	WINTER	2	21	0	0	Em=658	El=525	herbe=69%	brinsMoy=2.05	moutonSurHerbe=48%	{Cherche partenaire=11, Cherche terre=3, Errance=2, Regroupement=5}
10	WINTER	2	18	0	0	Em=689	El=535	herbe=69%	brinsMoy=0.99	moutonSurHerbe=78%	{Broute=1, Errance=2, Regroupement=15}
11	WINTER	2	16	0	0	Em=687	El=516	herbe=69%	brinsMoy=0.99	moutonSurHerbe=88%	{Broute=1, Regroupement=15}
12	SPRING	2	14	0	0	Em=686	El=542	herbe=69%	brinsMoy=0.99	moutonSurHerbe=93%	{Errance=1, Regroupement=13}
13	SPRING	2	5	0	0	Em=812	El=486	herbe=68%	brinsMoy=3.42	moutonSurHerbe=20%	{Errance=1, Regroupement=4}
14	SPRING	0	4	0	0	Em=567	El=0	herbe=69%	brinsMoy=3.42	moutonSurHerbe=75%	{Cherche terre=1, Errance=1, Regroupement=2}
15	SUMMER	0	3	0	0	Em=617	El=0	herbe=69%	brinsMoy=3.43	moutonSurHerbe=67%	{Errance=1, Regroupement=2}
16	SUMMER	0	3	0	0	Em=607	El=0	herbe=69%	brinsMoy=3.15	moutonSurHerbe=33%	{Broute=1, Errance=1, Regroupement=1}
17	SUMMER	0	3	0	0	Em=614	El=0	herbe=68%	brinsMoy=3.16	moutonSurHerbe=67%	{Errance=1, Regroupement=2}
18	AUTUMN	0	3	0	0	Em=591	El=0	herbe=69%	brinsMoy=3.16	moutonSurHerbe=100%	{Errance=1, Regroupement=2}
19	AUTUMN	0	1	0	0	Em=1168	El=0	herbe=69%	brinsMoy=2.07	moutonSurHerbe=100%	{Errance=1}
20	AUTUMN	0	1	0	0	Em=1178	El=0	herbe=68%	brinsMoy=2.07	moutonSurHerbe=100%	{Errance=1}
21	WINTER	0	1	0	0	Em=1166	El=0	herbe=68%	brinsMoy=2.08	moutonSurHerbe=100%	{Errance=1}
22	WINTER	0	1	0	0	Em=1150	El=0	herbe=68%	brinsMoy=1.00	moutonSurHerbe=100%	{Errance=1}
23	WINTER	0	1	0	0	Em=1133	El=0	herbe=68%	brinsMoy=1.00	moutonSurHerbe=0%	{Errance=1}
24	SPRING	0	1	0	0	Em=59	El=0	herbe=68%	brinsMoy=1.00	moutonSurHerbe=0%	{Cherche terre=1}
25	SPRING	0	0	0	0	Em=0	El=0	herbe=68%	brinsMoy=3.45	moutonSurHerbe=0%	{}
# EXTINCTION TOTALE jour 25
# --- BILAN ---
# loups   min=0  EXTINCT à un moment
# moutons min=0  EXTINCT à un moment
  [rut MOUTON] j6 : 18 moutons
  [rut LOUP]   j9 : 2 loups
  [rut MOUTON] j18 : 3 moutons
  [rut LOUP]   j21 : 0 loups
