Map : 7-599-8211-1090059-1581527155, persistence : 1.0, octave : 3.0, fact : 0.1, periods : (8,8)
# dim=80 saison=3j an=57600 ticks | loups=2 moutons=50 ours=0 humains=0
# loupAge=30 moutonAge=30 loupE=1500 moutonE=1500
day	season	loups	moutons	ours	humains
0	SPRING	2	50	0	0	Em=1500	El=1500	herbe=47%	brinsMoy=4.12	moutonSurHerbe=58%	{Errance=50}
1	SPRING	2	46	0	0	Em=1154	El=1057	herbe=86%	brinsMoy=4.12	moutonSurHerbe=93%	{Errance=2, Regroupement=44}
2	SPRING	2	44	0	0	Em=1152	El=1046	herbe=86%	brinsMoy=4.12	moutonSurHerbe=91%	{Regroupement=44}
3	SUMMER	2	40	0	0	Em=1142	El=784	herbe=86%	brinsMoy=4.12	moutonSurHerbe=93%	{Broute=1, Fuit loup=3, Regroupement=36}
4	SUMMER	2	36	0	0	Em=1113	El=791	herbe=86%	brinsMoy=3.87	moutonSurHerbe=81%	{Cherche terre=5, Regroupement=31}
5	SUMMER	2	32	0	0	Em=1157	El=760	herbe=85%	brinsMoy=3.87	moutonSurHerbe=88%	{Broute=2, Errance=1, Regroupement=29}
6	AUTUMN	2	29	0	0	Em=1128	El=694	herbe=86%	brinsMoy=3.87	moutonSurHerbe=72%	{Broute=1, Cherche terre=2, Méfiance=1, Regroupement=25}
7	AUTUMN	2	23	0	0	Em=1122	El=764	herbe=85%	brinsMoy=2.49	moutonSurHerbe=35%	{Broute=1, Cherche partenaire=15, Cherche terre=5, Errance=1, Regroupement=1}
8	AUTUMN	2	24	0	0	Em=982	El=785	herbe=86%	brinsMoy=2.49	moutonSurHerbe=79%	{Broute=2, Cherche partenaire=14, Cherche terre=1, Errance=3, Méfiance=1, Regroupement=3}
9	WINTER	2	21	0	0	Em=930	El=804	herbe=86%	brinsMoy=2.49	moutonSurHerbe=76%	{Cherche partenaire=11, Cherche terre=2, Errance=5, Regroupement=3}
10	WINTER	2	18	0	0	Em=975	El=782	herbe=86%	brinsMoy=1.00	moutonSurHerbe=78%	{Cherche terre=1, Errance=2, Regroupement=15}
11	WINTER	2	16	0	0	Em=948	El=776	herbe=85%	brinsMoy=1.00	moutonSurHerbe=88%	{Cherche terre=1, Regroupement=15}
12	SPRING	2	14	0	0	Em=914	El=784	herbe=85%	brinsMoy=1.00	moutonSurHerbe=93%	{Cherche terre=1, Errance=1, Regroupement=12}
13	SPRING	1	12	0	0	Em=958	El=761	herbe=85%	brinsMoy=4.13	moutonSurHerbe=92%	{Broute=1, Errance=1, Regroupement=10}
14	SPRING	1	9	0	0	Em=974	El=641	herbe=85%	brinsMoy=4.13	moutonSurHerbe=100%	{Errance=1, Regroupement=8}
15	SUMMER	0	8	0	0	Em=1043	El=0	herbe=85%	brinsMoy=4.13	moutonSurHerbe=75%	{Errance=1, Regroupement=7}
16	SUMMER	0	8	0	0	Em=1048	El=0	herbe=85%	brinsMoy=3.88	moutonSurHerbe=100%	{Errance=1, Regroupement=7}
17	SUMMER	0	8	0	0	Em=1047	El=0	herbe=85%	brinsMoy=3.88	moutonSurHerbe=50%	{Errance=1, Regroupement=7}
18	AUTUMN	0	8	0	0	Em=1055	El=0	herbe=85%	brinsMoy=3.88	moutonSurHerbe=100%	{Errance=1, Regroupement=7}
19	AUTUMN	0	22	0	0	Em=595	El=0	herbe=85%	brinsMoy=2.49	moutonSurHerbe=91%	{Broute=1, Cherche partenaire=6, Errance=12, Regroupement=3}
20	AUTUMN	0	22	0	0	Em=590	El=0	herbe=85%	brinsMoy=2.49	moutonSurHerbe=100%	{Cherche partenaire=21, Errance=1}
21	WINTER	0	21	0	0	Em=433	El=0	herbe=85%	brinsMoy=2.50	moutonSurHerbe=29%	{Broute=1, Cherche partenaire=7, Cherche terre=4, Errance=7, Regroupement=2}
22	WINTER	0	20	0	0	Em=495	El=0	herbe=84%	brinsMoy=1.00	moutonSurHerbe=90%	{Errance=5, Regroupement=15}
23	WINTER	0	14	0	0	Em=502	El=0	herbe=85%	brinsMoy=1.00	moutonSurHerbe=50%	{Broute=1, Errance=1, Regroupement=12}
24	SPRING	0	14	0	0	Em=508	El=0	herbe=85%	brinsMoy=1.00	moutonSurHerbe=79%	{Errance=1, Regroupement=13}
25	SPRING	0	14	0	0	Em=384	El=0	herbe=85%	brinsMoy=4.14	moutonSurHerbe=43%	{Cherche terre=2, Errance=1, Regroupement=11}
26	SPRING	0	12	0	0	Em=394	El=0	herbe=84%	brinsMoy=4.13	moutonSurHerbe=92%	{Errance=1, Regroupement=11}
27	SUMMER	0	12	0	0	Em=405	El=0	herbe=85%	brinsMoy=4.14	moutonSurHerbe=67%	{Errance=1, Regroupement=11}
28	SUMMER	0	12	0	0	Em=396	El=0	herbe=85%	brinsMoy=3.88	moutonSurHerbe=92%	{Errance=1, Regroupement=11}
29	SUMMER	0	12	0	0	Em=402	El=0	herbe=85%	brinsMoy=3.88	moutonSurHerbe=100%	{Broute=1, Errance=1, Regroupement=10}
30	AUTUMN	0	12	0	0	Em=395	El=0	herbe=85%	brinsMoy=3.88	moutonSurHerbe=100%	{Broute=1, Errance=1, Regroupement=10}
31	AUTUMN	0	10	0	0	Em=329	El=0	herbe=85%	brinsMoy=2.50	moutonSurHerbe=90%	{Cherche partenaire=9, Errance=1}
32	AUTUMN	0	10	0	0	Em=218	El=0	herbe=85%	brinsMoy=2.50	moutonSurHerbe=20%	{Broute=1, Cherche herbe=1, Cherche partenaire=5, Cherche terre=2, Errance=1}
33	WINTER	0	6	0	0	Em=331	El=0	herbe=85%	brinsMoy=2.49	moutonSurHerbe=67%	{Cherche partenaire=6}
34	WINTER	0	6	0	0	Em=319	El=0	herbe=85%	brinsMoy=1.00	moutonSurHerbe=100%	{Regroupement=6}
35	WINTER	0	6	0	0	Em=322	El=0	herbe=85%	brinsMoy=1.00	moutonSurHerbe=100%	{Regroupement=6}
36	SPRING	0	6	0	0	Em=325	El=0	herbe=82%	brinsMoy=1.00	moutonSurHerbe=100%	{Regroupement=6}
# --- BILAN ---
# loups   min=0  EXTINCT à un moment
# moutons min=6  jamais éteint
  [rut MOUTON] j6 : 29 moutons
  [rut LOUP]   j9 : 2 loups
  [rut MOUTON] j18 : 8 moutons
  [rut LOUP]   j21 : 0 loups
  [rut MOUTON] j30 : 12 moutons
  [rut LOUP]   j33 : 0 loups
