Map : 15-523-6745-953920-1724085457, persistence : 1.0, octave : 3.0, fact : 0.1, periods : (8,8)
# dim=80 saison=3j an=57600 ticks | loups=4 moutons=60 ours=0 humains=0
# loupAge=30 moutonAge=30 loupE=1500 moutonE=1500
day	season	loups	moutons	ours	humains
0	SPRING	4	60	0	0	Em=1500	El=1500	herbe=40%	brinsMoy=3.55	moutonSurHerbe=30%	{Errance=60}
1	SPRING	4	50	0	0	Em=1116	El=1052	herbe=71%	brinsMoy=3.58	moutonSurHerbe=54%	{Broute=7, Cherche terre=3, Fuit loup=3, Regroupement=37}
2	SPRING	4	39	0	0	Em=1128	El=1039	herbe=71%	brinsMoy=3.58	moutonSurHerbe=82%	{Broute=1, Cherche terre=3, Fuit loup=1, Méfiance=2, Regroupement=32}
3	SUMMER	4	28	0	0	Em=1067	El=779	herbe=71%	brinsMoy=3.58	moutonSurHerbe=46%	{Cherche terre=1, Fuit loup=13, Regroupement=14}
4	SUMMER	4	19	0	0	Em=1145	El=793	herbe=71%	brinsMoy=3.31	moutonSurHerbe=68%	{Errance=1, Fuit loup=1, Regroupement=17}
5	SUMMER	4	11	0	0	Em=1067	El=744	herbe=71%	brinsMoy=3.32	moutonSurHerbe=45%	{Cherche terre=2, Errance=1, Fuit loup=2, Regroupement=6}
6	AUTUMN	4	4	0	0	Em=1011	El=790	herbe=71%	brinsMoy=3.31	moutonSurHerbe=0%	{Cherche terre=1, Méfiance=1, Regroupement=2}
7	AUTUMN	2	12	0	0	Em=266	El=403	herbe=70%	brinsMoy=2.16	moutonSurHerbe=33%	{Broute=1, Fuit loup=4, Méfiance=3, Regroupement=4}
8	AUTUMN	1	21	0	0	Em=424	El=589	herbe=70%	brinsMoy=2.17	moutonSurHerbe=43%	{Cherche partenaire=6, Errance=1, Fuit loup=1, Méfiance=1, Regroupement=12}
9	WINTER	1	21	0	0	Em=354	El=848	herbe=70%	brinsMoy=2.17	moutonSurHerbe=81%	{Cherche partenaire=7, Cherche terre=1, Errance=7, Regroupement=6}
10	WINTER	1	20	0	0	Em=362	El=776	herbe=70%	brinsMoy=0.99	moutonSurHerbe=45%	{Errance=5, Fuit loup=2, Regroupement=13}
11	WINTER	1	19	0	0	Em=363	El=817	herbe=70%	brinsMoy=0.99	moutonSurHerbe=53%	{Regroupement=19}
12	SPRING	1	15	0	0	Em=380	El=775	herbe=70%	brinsMoy=0.99	moutonSurHerbe=80%	{Cherche terre=1, Méfiance=1, Regroupement=13}
13	SPRING	1	11	0	0	Em=410	El=767	herbe=70%	brinsMoy=3.65	moutonSurHerbe=45%	{Broute=3, Errance=1, Fuit feu=1, Regroupement=6}
14	SPRING	0	9	0	0	Em=416	El=0	herbe=70%	brinsMoy=3.66	moutonSurHerbe=78%	{Errance=1, Regroupement=8}
15	SUMMER	0	9	0	0	Em=422	El=0	herbe=70%	brinsMoy=3.66	moutonSurHerbe=78%	{Broute=1, Errance=1, Regroupement=7}
16	SUMMER	0	9	0	0	Em=419	El=0	herbe=70%	brinsMoy=3.37	moutonSurHerbe=89%	{Errance=1, Regroupement=8}
17	SUMMER	0	9	0	0	Em=414	El=0	herbe=70%	brinsMoy=3.37	moutonSurHerbe=89%	{Errance=1, Regroupement=8}
18	AUTUMN	0	9	0	0	Em=397	El=0	herbe=70%	brinsMoy=3.37	moutonSurHerbe=89%	{Broute=1, Regroupement=8}
19	AUTUMN	0	21	0	0	Em=324	El=0	herbe=70%	brinsMoy=2.19	moutonSurHerbe=0%	{Broute=1, Cherche partenaire=6, Errance=14}
20	AUTUMN	0	21	0	0	Em=323	El=0	herbe=70%	brinsMoy=2.20	moutonSurHerbe=38%	{Cherche partenaire=5, Cherche terre=3, Regroupement=13}
21	WINTER	0	21	0	0	Em=334	El=0	herbe=69%	brinsMoy=2.20	moutonSurHerbe=29%	{Cherche partenaire=10, Cherche terre=4, Errance=3, Regroupement=4}
22	WINTER	0	15	0	0	Em=304	El=0	herbe=69%	brinsMoy=1.00	moutonSurHerbe=20%	{Cherche herbe=2, Cherche terre=3, Regroupement=10}
23	WINTER	0	15	0	0	Em=378	El=0	herbe=69%	brinsMoy=1.00	moutonSurHerbe=80%	{Broute=1, Regroupement=14}
24	SPRING	0	15	0	0	Em=383	El=0	herbe=69%	brinsMoy=1.00	moutonSurHerbe=33%	{Regroupement=15}
25	SPRING	0	15	0	0	Em=387	El=0	herbe=69%	brinsMoy=3.68	moutonSurHerbe=67%	{Broute=1, Regroupement=14}
26	SPRING	0	15	0	0	Em=381	El=0	herbe=69%	brinsMoy=3.66	moutonSurHerbe=40%	{Regroupement=15}
27	SUMMER	0	15	0	0	Em=381	El=0	herbe=68%	brinsMoy=3.67	moutonSurHerbe=80%	{Errance=1, Regroupement=14}
28	SUMMER	0	15	0	0	Em=384	El=0	herbe=69%	brinsMoy=3.39	moutonSurHerbe=80%	{Broute=2, Regroupement=13}
29	SUMMER	0	15	0	0	Em=382	El=0	herbe=69%	brinsMoy=3.39	moutonSurHerbe=67%	{Broute=1, Regroupement=14}
30	AUTUMN	0	15	0	0	Em=387	El=0	herbe=69%	brinsMoy=3.39	moutonSurHerbe=93%	{Regroupement=15}
31	AUTUMN	0	13	0	0	Em=293	El=0	herbe=70%	brinsMoy=2.20	moutonSurHerbe=62%	{Cherche partenaire=11, Cherche terre=1, Regroupement=1}
32	AUTUMN	0	8	0	0	Em=295	El=0	herbe=69%	brinsMoy=2.20	moutonSurHerbe=13%	{Cherche partenaire=5, Cherche terre=2, Errance=1}
33	WINTER	0	8	0	0	Em=278	El=0	herbe=69%	brinsMoy=2.20	moutonSurHerbe=13%	{Cherche partenaire=7, Errance=1}
34	WINTER	0	8	0	0	Em=327	El=0	herbe=64%	brinsMoy=1.00	moutonSurHerbe=100%	{Regroupement=8}
35	WINTER	0	8	0	0	Em=322	El=0	herbe=70%	brinsMoy=1.00	moutonSurHerbe=100%	{Regroupement=8}
36	SPRING	0	8	0	0	Em=324	El=0	herbe=70%	brinsMoy=1.00	moutonSurHerbe=75%	{Regroupement=8}
37	SPRING	0	8	0	0	Em=331	El=0	herbe=70%	brinsMoy=3.68	moutonSurHerbe=100%	{Regroupement=8}
38	SPRING	0	8	0	0	Em=328	El=0	herbe=70%	brinsMoy=3.68	moutonSurHerbe=100%	{Broute=1, Regroupement=7}
39	SUMMER	0	7	0	0	Em=331	El=0	herbe=70%	brinsMoy=3.68	moutonSurHerbe=100%	{Regroupement=7}
40	SUMMER	0	7	0	0	Em=331	El=0	herbe=70%	brinsMoy=3.39	moutonSurHerbe=100%	{Regroupement=7}
41	SUMMER	0	7	0	0	Em=327	El=0	herbe=70%	brinsMoy=3.39	moutonSurHerbe=100%	{Regroupement=7}
42	AUTUMN	0	7	0	0	Em=332	El=0	herbe=70%	brinsMoy=3.39	moutonSurHerbe=86%	{Regroupement=7}
43	AUTUMN	0	4	0	0	Em=207	El=0	herbe=69%	brinsMoy=2.20	moutonSurHerbe=0%	{Cherche terre=3, Regroupement=1}
44	AUTUMN	0	1	0	0	Em=344	El=0	herbe=69%	brinsMoy=2.20	moutonSurHerbe=100%	{Errance=1}
45	WINTER	0	1	0	0	Em=346	El=0	herbe=69%	brinsMoy=2.20	moutonSurHerbe=0%	{Errance=1}
46	WINTER	0	1	0	0	Em=307	El=0	herbe=69%	brinsMoy=1.00	moutonSurHerbe=100%	{Errance=1}
47	WINTER	0	1	0	0	Em=308	El=0	herbe=69%	brinsMoy=1.00	moutonSurHerbe=0%	{Errance=1}
48	SPRING	0	1	0	0	Em=307	El=0	herbe=69%	brinsMoy=1.00	moutonSurHerbe=0%	{Errance=1}
# --- BILAN ---
# loups   min=0  EXTINCT à un moment
# moutons min=1  jamais éteint
  [rut MOUTON] j6 : 4 moutons
  [rut LOUP]   j9 : 1 loups
  [rut MOUTON] j18 : 9 moutons
  [rut LOUP]   j21 : 0 loups
  [rut MOUTON] j30 : 15 moutons
  [rut LOUP]   j33 : 0 loups
  [rut MOUTON] j42 : 7 moutons
  [rut LOUP]   j45 : 0 loups
