Map : 14-27-3442-999148-340573872, persistence : 1.0, octave : 3.0, fact : 0.1, periods : (8,8)
# dim=80 saison=3j an=57600 ticks | loups=6 moutons=25 ours=0 humains=0
# loupAge=30 moutonAge=30 loupE=1500 moutonE=1500
day	season	loups	moutons	ours	humains
0	SPRING	6	25	0	0	Em=1500	El=1500	herbe=43%	brinsMoy=3.71	moutonSurHerbe=20%	{Errance=25}
1	SPRING	6	13	0	0	Em=1143	El=1055	herbe=77%	brinsMoy=3.73	moutonSurHerbe=31%	{Errance=1, Fuit loup=7, Regroupement=5}
2	SPRING	5	8	0	0	Em=1141	El=1025	herbe=77%	brinsMoy=3.73	moutonSurHerbe=100%	{Broute=1, Regroupement=7}
3	SUMMER	4	3	0	0	Em=1065	El=663	herbe=76%	brinsMoy=3.74	moutonSurHerbe=33%	{Errance=1, Fuit loup=2}
4	SUMMER	0	2	0	0	Em=719	El=0	herbe=77%	brinsMoy=3.49	moutonSurHerbe=50%	{Broute=1, Cherche terre=1}
5	SUMMER	0	1	0	0	Em=1167	El=0	herbe=76%	brinsMoy=3.50	moutonSurHerbe=100%	{Errance=1}
6	AUTUMN	0	1	0	0	Em=1155	El=0	herbe=77%	brinsMoy=3.49	moutonSurHerbe=0%	{Errance=1}
7	AUTUMN	0	1	0	0	Em=1156	El=0	herbe=76%	brinsMoy=2.25	moutonSurHerbe=0%	{Errance=1}
8	AUTUMN	0	1	0	0	Em=1125	El=0	herbe=76%	brinsMoy=2.25	moutonSurHerbe=0%	{Errance=1}
9	WINTER	0	1	0	0	Em=1183	El=0	herbe=76%	brinsMoy=2.25	moutonSurHerbe=0%	{Broute=1}
10	WINTER	0	1	0	0	Em=1175	El=0	herbe=76%	brinsMoy=0.99	moutonSurHerbe=0%	{Errance=1}
11	WINTER	0	1	0	0	Em=1132	El=0	herbe=76%	brinsMoy=0.99	moutonSurHerbe=100%	{Errance=1}
12	SPRING	0	1	0	0	Em=1177	El=0	herbe=76%	brinsMoy=0.99	moutonSurHerbe=100%	{Errance=1}
13	SPRING	0	1	0	0	Em=1150	El=0	herbe=76%	brinsMoy=3.78	moutonSurHerbe=100%	{Errance=1}
14	SPRING	0	1	0	0	Em=1146	El=0	herbe=76%	brinsMoy=3.79	moutonSurHerbe=0%	{Errance=1}
15	SUMMER	0	1	0	0	Em=1135	El=0	herbe=76%	brinsMoy=3.79	moutonSurHerbe=100%	{Errance=1}
16	SUMMER	0	1	0	0	Em=1141	El=0	herbe=76%	brinsMoy=3.53	moutonSurHerbe=100%	{Errance=1}
17	SUMMER	0	1	0	0	Em=1175	El=0	herbe=76%	brinsMoy=3.53	moutonSurHerbe=100%	{Errance=1}
18	AUTUMN	0	1	0	0	Em=1126	El=0	herbe=76%	brinsMoy=3.53	moutonSurHerbe=100%	{Errance=1}
19	AUTUMN	0	1	0	0	Em=1178	El=0	herbe=76%	brinsMoy=2.26	moutonSurHerbe=100%	{Errance=1}
20	AUTUMN	0	1	0	0	Em=1180	El=0	herbe=74%	brinsMoy=2.26	moutonSurHerbe=100%	{Errance=1}
21	WINTER	0	1	0	0	Em=1178	El=0	herbe=76%	brinsMoy=2.27	moutonSurHerbe=100%	{Errance=1}
22	WINTER	0	1	0	0	Em=1157	El=0	herbe=74%	brinsMoy=1.00	moutonSurHerbe=100%	{Errance=1}
23	WINTER	0	1	0	0	Em=1159	El=0	herbe=76%	brinsMoy=1.00	moutonSurHerbe=0%	{Errance=1}
24	SPRING	0	1	0	0	Em=1175	El=0	herbe=76%	brinsMoy=1.00	moutonSurHerbe=100%	{Errance=1}
25	SPRING	0	1	0	0	Em=1156	El=0	herbe=76%	brinsMoy=3.79	moutonSurHerbe=100%	{Errance=1}
26	SPRING	0	1	0	0	Em=1166	El=0	herbe=76%	brinsMoy=3.79	moutonSurHerbe=100%	{Errance=1}
27	SUMMER	0	1	0	0	Em=1167	El=0	herbe=76%	brinsMoy=3.79	moutonSurHerbe=100%	{Errance=1}
28	SUMMER	0	1	0	0	Em=1158	El=0	herbe=76%	brinsMoy=3.53	moutonSurHerbe=100%	{Errance=1}
29	SUMMER	0	1	0	0	Em=1141	El=0	herbe=76%	brinsMoy=3.53	moutonSurHerbe=100%	{Errance=1}
30	AUTUMN	0	1	0	0	Em=1162	El=0	herbe=76%	brinsMoy=3.53	moutonSurHerbe=100%	{Errance=1}
31	AUTUMN	0	0	0	0	Em=0	El=0	herbe=76%	brinsMoy=2.27	moutonSurHerbe=0%	{}
# EXTINCTION TOTALE jour 31
# --- BILAN ---
# loups   min=0  EXTINCT à un moment
# moutons min=0  EXTINCT à un moment
  [rut MOUTON] j6 : 1 moutons
  [rut LOUP]   j9 : 0 loups
  [rut MOUTON] j18 : 1 moutons
  [rut LOUP]   j21 : 0 loups
  [rut MOUTON] j30 : 1 moutons
