Map : 11-186-3090-500983-204309307, persistence : 1.0, octave : 3.0, fact : 0.1, periods : (8,8)
# dim=80 saison=3j an=57600 ticks | loups=3 moutons=70 ours=0 humains=0
# loupAge=30 moutonAge=30 loupE=1500 moutonE=1500
day	season	loups	moutons	ours	humains
0	SPRING	3	70	0	0	Em=1500	El=1500	herbe=43%	brinsMoy=3.90	moutonSurHerbe=50%	{Errance=70}
1	SPRING	3	70	0	0	Em=1152	El=870	herbe=80%	brinsMoy=3.91	moutonSurHerbe=94%	{Broute=1, Fuit loup=15, Méfiance=2, Regroupement=52}
2	SPRING	3	66	0	0	Em=1106	El=1073	herbe=80%	brinsMoy=3.91	moutonSurHerbe=82%	{Broute=1, Cherche terre=4, Fuit loup=9, Regroupement=52}
3	SUMMER	3	61	0	0	Em=1134	El=774	herbe=79%	brinsMoy=3.91	moutonSurHerbe=36%	{Broute=4, Cherche terre=2, Fuit loup=10, Regroupement=45}
4	SUMMER	3	55	0	0	Em=1139	El=805	herbe=79%	brinsMoy=3.58	moutonSurHerbe=62%	{Broute=1, Errance=2, Fuit loup=4, Regroupement=48}
5	SUMMER	3	50	0	0	Em=1156	El=782	herbe=79%	brinsMoy=3.59	moutonSurHerbe=90%	{Broute=2, Errance=2, Fuit loup=2, Regroupement=44}
6	AUTUMN	3	47	0	0	Em=1138	El=671	herbe=76%	brinsMoy=3.61	moutonSurHerbe=87%	{Broute=1, Errance=2, Fuit loup=4, Regroupement=40}
7	AUTUMN	3	43	0	0	Em=1133	El=773	herbe=79%	brinsMoy=2.35	moutonSurHerbe=56%	{Broute=3, Cherche partenaire=18, Cherche terre=8, Fuit loup=11, Regroupement=3}
8	AUTUMN	3	25	0	0	Em=1147	El=715	herbe=78%	brinsMoy=2.34	moutonSurHerbe=72%	{Broute=1, Cherche partenaire=9, Errance=2, Fuit loup=12, Regroupement=1}
9	WINTER	3	22	0	0	Em=1143	El=663	herbe=79%	brinsMoy=2.35	moutonSurHerbe=86%	{Broute=1, Cherche partenaire=16, Fuit loup=3, Regroupement=2}
10	WINTER	2	18	0	0	Em=1153	El=590	herbe=79%	brinsMoy=1.00	moutonSurHerbe=67%	{Errance=2, Regroupement=16}
11	WINTER	2	16	0	0	Em=1152	El=591	herbe=79%	brinsMoy=1.00	moutonSurHerbe=100%	{Errance=1, Regroupement=15}
12	SPRING	2	14	0	0	Em=1155	El=450	herbe=79%	brinsMoy=1.00	moutonSurHerbe=86%	{Errance=1, Regroupement=13}
13	SPRING	2	11	0	0	Em=1104	El=240	herbe=76%	brinsMoy=3.96	moutonSurHerbe=64%	{Cherche terre=1, Errance=2, Regroupement=8}
14	SPRING	1	10	0	0	Em=1156	El=446	herbe=79%	brinsMoy=3.95	moutonSurHerbe=90%	{Fuit loup=1, Regroupement=9}
15	SUMMER	1	5	0	0	Em=1151	El=546	herbe=77%	brinsMoy=3.93	moutonSurHerbe=60%	{Cherche terre=1, Regroupement=4}
16	SUMMER	1	4	0	0	Em=1069	El=746	herbe=79%	brinsMoy=3.61	moutonSurHerbe=50%	{Cherche terre=1, Errance=1, Regroupement=2}
17	SUMMER	0	4	0	0	Em=1164	El=0	herbe=79%	brinsMoy=3.61	moutonSurHerbe=100%	{Regroupement=4}
18	AUTUMN	0	4	0	0	Em=1161	El=0	herbe=79%	brinsMoy=3.61	moutonSurHerbe=50%	{Broute=1, Regroupement=3}
19	AUTUMN	0	22	0	0	Em=477	El=0	herbe=79%	brinsMoy=2.35	moutonSurHerbe=100%	{Broute=1, Cherche partenaire=2, Errance=18, Regroupement=1}
20	AUTUMN	0	22	0	0	Em=473	El=0	herbe=79%	brinsMoy=2.35	moutonSurHerbe=100%	{Broute=1, Cherche partenaire=16, Regroupement=5}
21	WINTER	0	21	0	0	Em=401	El=0	herbe=73%	brinsMoy=2.30	moutonSurHerbe=24%	{Broute=1, Cherche partenaire=6, Cherche terre=1, Errance=7, Regroupement=6}
22	WINTER	0	14	0	0	Em=442	El=0	herbe=79%	brinsMoy=1.00	moutonSurHerbe=93%	{Errance=2, Regroupement=12}
23	WINTER	0	14	0	0	Em=442	El=0	herbe=79%	brinsMoy=1.00	moutonSurHerbe=71%	{Cherche terre=1, Regroupement=13}
24	SPRING	0	14	0	0	Em=445	El=0	herbe=79%	brinsMoy=1.00	moutonSurHerbe=86%	{Broute=1, Cherche terre=1, Regroupement=12}
25	SPRING	0	14	0	0	Em=443	El=0	herbe=79%	brinsMoy=3.95	moutonSurHerbe=79%	{Cherche terre=1, Regroupement=13}
26	SPRING	0	14	0	0	Em=443	El=0	herbe=79%	brinsMoy=3.95	moutonSurHerbe=100%	{Regroupement=14}
27	SUMMER	0	14	0	0	Em=440	El=0	herbe=79%	brinsMoy=3.94	moutonSurHerbe=100%	{Regroupement=14}
28	SUMMER	0	14	0	0	Em=441	El=0	herbe=77%	brinsMoy=3.61	moutonSurHerbe=100%	{Regroupement=14}
29	SUMMER	0	14	0	0	Em=441	El=0	herbe=79%	brinsMoy=3.61	moutonSurHerbe=57%	{Regroupement=14}
30	AUTUMN	0	14	0	0	Em=444	El=0	herbe=79%	brinsMoy=3.61	moutonSurHerbe=79%	{Regroupement=14}
31	AUTUMN	0	12	0	0	Em=315	El=0	herbe=79%	brinsMoy=2.35	moutonSurHerbe=67%	{Cherche partenaire=6, Cherche terre=1, Regroupement=5}
32	AUTUMN	0	11	0	0	Em=326	El=0	herbe=79%	brinsMoy=2.35	moutonSurHerbe=100%	{Cherche partenaire=6, Regroupement=5}
33	WINTER	0	11	0	0	Em=321	El=0	herbe=79%	brinsMoy=2.35	moutonSurHerbe=45%	{Cherche partenaire=6, Regroupement=5}
34	WINTER	0	11	0	0	Em=319	El=0	herbe=78%	brinsMoy=1.00	moutonSurHerbe=45%	{Broute=1, Regroupement=10}
35	WINTER	0	10	0	0	Em=333	El=0	herbe=79%	brinsMoy=1.00	moutonSurHerbe=100%	{Regroupement=10}
36	SPRING	0	10	0	0	Em=339	El=0	herbe=79%	brinsMoy=1.00	moutonSurHerbe=90%	{Broute=1, Regroupement=9}
37	SPRING	0	10	0	0	Em=332	El=0	herbe=79%	brinsMoy=3.95	moutonSurHerbe=100%	{Regroupement=10}
38	SPRING	0	10	0	0	Em=325	El=0	herbe=79%	brinsMoy=3.95	moutonSurHerbe=60%	{Broute=2, Regroupement=8}
39	SUMMER	0	10	0	0	Em=314	El=0	herbe=79%	brinsMoy=3.95	moutonSurHerbe=0%	{Broute=1, Regroupement=9}
40	SUMMER	0	10	0	0	Em=333	El=0	herbe=79%	brinsMoy=3.61	moutonSurHerbe=50%	{Regroupement=10}
41	SUMMER	0	10	0	0	Em=332	El=0	herbe=79%	brinsMoy=3.61	moutonSurHerbe=100%	{Regroupement=10}
42	AUTUMN	0	10	0	0	Em=334	El=0	herbe=79%	brinsMoy=3.61	moutonSurHerbe=100%	{Regroupement=10}
43	AUTUMN	0	10	0	0	Em=312	El=0	herbe=78%	brinsMoy=2.35	moutonSurHerbe=90%	{Broute=1, Cherche herbe=1, Cherche partenaire=4, Regroupement=4}
44	AUTUMN	0	9	0	0	Em=337	El=0	herbe=79%	brinsMoy=2.35	moutonSurHerbe=100%	{Cherche partenaire=5, Regroupement=4}
45	WINTER	0	8	0	0	Em=311	El=0	herbe=76%	brinsMoy=2.35	moutonSurHerbe=0%	{Cherche partenaire=3, Fuit feu=1, Regroupement=4}
46	WINTER	0	7	0	0	Em=331	El=0	herbe=79%	brinsMoy=1.00	moutonSurHerbe=100%	{Regroupement=7}
47	WINTER	0	7	0	0	Em=337	El=0	herbe=79%	brinsMoy=1.00	moutonSurHerbe=86%	{Broute=1, Regroupement=6}
48	SPRING	0	7	0	0	Em=335	El=0	herbe=79%	brinsMoy=1.00	moutonSurHerbe=100%	{Regroupement=7}
49	SPRING	0	4	0	0	Em=315	El=0	herbe=79%	brinsMoy=3.95	moutonSurHerbe=50%	{Regroupement=4}
50	SPRING	0	4	0	0	Em=327	El=0	herbe=79%	brinsMoy=3.95	moutonSurHerbe=25%	{Regroupement=4}
51	SUMMER	0	0	0	0	Em=0	El=0	herbe=79%	brinsMoy=3.95	moutonSurHerbe=0%	{}
# EXTINCTION TOTALE jour 51
# --- BILAN ---
# loups   min=0  EXTINCT à un moment
# moutons min=0  EXTINCT à un moment
  [rut MOUTON] j6 : 47 moutons
  [rut LOUP]   j9 : 3 loups
  [rut MOUTON] j18 : 4 moutons
  [rut LOUP]   j21 : 0 loups
  [rut MOUTON] j30 : 14 moutons
  [rut LOUP]   j33 : 0 loups
  [rut MOUTON] j42 : 10 moutons
  [rut LOUP]   j45 : 0 loups
