Map : 6-11-1755-575101-763480494, persistence : 1.0, octave : 3.0, fact : 0.1, periods : (8,8)
# dim=80 saison=3j an=57600 ticks | loups=8 moutons=120 ours=0 humains=0
# loupAge=30 moutonAge=30 loupE=1500 moutonE=1500
day	season	loups	moutons	ours	humains
0	SPRING	8	120	0	0	Em=1500	El=1500	herbe=41%	brinsMoy=3.89	moutonSurHerbe=23%	{Errance=120}
1	SPRING	8	75	0	0	Em=935	El=1039	herbe=76%	brinsMoy=3.86	moutonSurHerbe=43%	{Broute=2, Cherche terre=2, Fuit loup=45, Regroupement=26}
2	SPRING	8	63	0	0	Em=941	El=975	herbe=76%	brinsMoy=3.86	moutonSurHerbe=25%	{Broute=4, Cherche herbe=8, Cherche terre=18, Errance=1, Fuit feu=1, Fuit loup=7, Méfiance=5, Regroupement=19}
3	SUMMER	8	39	0	0	Em=975	El=680	herbe=76%	brinsMoy=3.86	moutonSurHerbe=36%	{Cherche herbe=6, Cherche terre=4, Errance=1, Fuit loup=21, Regroupement=7}
4	SUMMER	8	24	0	0	Em=980	El=791	herbe=76%	brinsMoy=3.55	moutonSurHerbe=38%	{Cherche herbe=1, Cherche terre=5, Errance=1, Fuit loup=5, Regroupement=12}
5	SUMMER	8	13	0	0	Em=992	El=787	herbe=76%	brinsMoy=3.55	moutonSurHerbe=46%	{Cherche herbe=1, Cherche terre=1, Errance=1, Fuit loup=4, Regroupement=6}
6	AUTUMN	8	6	0	0	Em=927	El=639	herbe=76%	brinsMoy=3.55	moutonSurHerbe=0%	{Cherche terre=2, Regroupement=4}
7	AUTUMN	8	21	0	0	Em=277	El=716	herbe=76%	brinsMoy=2.32	moutonSurHerbe=57%	{Broute=1, Cherche terre=1, Errance=8, Fuit loup=4, Méfiance=3, Regroupement=4}
8	AUTUMN	7	17	0	0	Em=305	El=684	herbe=76%	brinsMoy=2.32	moutonSurHerbe=59%	{Broute=1, Cherche terre=1, Fuit loup=2, Regroupement=13}
9	WINTER	5	3	0	0	Em=220	El=680	herbe=76%	brinsMoy=2.32	moutonSurHerbe=67%	{Errance=1, Fuit loup=2}
10	WINTER	1	1	0	0	Em=304	El=147	herbe=76%	brinsMoy=1.00	moutonSurHerbe=100%	{Errance=1}
11	WINTER	0	1	0	0	Em=336	El=0	herbe=75%	brinsMoy=1.00	moutonSurHerbe=100%	{Errance=1}
12	SPRING	0	1	0	0	Em=337	El=0	herbe=76%	brinsMoy=1.00	moutonSurHerbe=100%	{Errance=1}
13	SPRING	0	1	0	0	Em=332	El=0	herbe=76%	brinsMoy=3.87	moutonSurHerbe=100%	{Errance=1}
14	SPRING	0	1	0	0	Em=313	El=0	herbe=76%	brinsMoy=3.87	moutonSurHerbe=100%	{Errance=1}
15	SUMMER	0	1	0	0	Em=279	El=0	herbe=76%	brinsMoy=3.87	moutonSurHerbe=0%	{Errance=1}
16	SUMMER	0	1	0	0	Em=322	El=0	herbe=76%	brinsMoy=3.56	moutonSurHerbe=100%	{Errance=1}
17	SUMMER	0	1	0	0	Em=343	El=0	herbe=76%	brinsMoy=3.56	moutonSurHerbe=100%	{Errance=1}
18	AUTUMN	0	1	0	0	Em=298	El=0	herbe=76%	brinsMoy=3.56	moutonSurHerbe=100%	{Errance=1}
19	AUTUMN	0	1	0	0	Em=303	El=0	herbe=76%	brinsMoy=2.33	moutonSurHerbe=100%	{Errance=1}
20	AUTUMN	0	1	0	0	Em=350	El=0	herbe=76%	brinsMoy=2.33	moutonSurHerbe=100%	{Errance=1}
21	WINTER	0	1	0	0	Em=310	El=0	herbe=76%	brinsMoy=2.32	moutonSurHerbe=100%	{Errance=1}
22	WINTER	0	1	0	0	Em=323	El=0	herbe=76%	brinsMoy=1.00	moutonSurHerbe=100%	{Errance=1}
23	WINTER	0	1	0	0	Em=350	El=0	herbe=76%	brinsMoy=1.00	moutonSurHerbe=0%	{Errance=1}
24	SPRING	0	1	0	0	Em=330	El=0	herbe=76%	brinsMoy=1.00	moutonSurHerbe=0%	{Errance=1}
25	SPRING	0	1	0	0	Em=335	El=0	herbe=76%	brinsMoy=3.87	moutonSurHerbe=100%	{Errance=1}
26	SPRING	0	1	0	0	Em=340	El=0	herbe=76%	brinsMoy=3.87	moutonSurHerbe=0%	{Errance=1}
27	SUMMER	0	1	0	0	Em=329	El=0	herbe=76%	brinsMoy=3.87	moutonSurHerbe=0%	{Errance=1}
28	SUMMER	0	1	0	0	Em=344	El=0	herbe=76%	brinsMoy=3.56	moutonSurHerbe=100%	{Errance=1}
29	SUMMER	0	1	0	0	Em=351	El=0	herbe=76%	brinsMoy=3.56	moutonSurHerbe=100%	{Errance=1}
30	AUTUMN	0	1	0	0	Em=299	El=0	herbe=76%	brinsMoy=3.56	moutonSurHerbe=100%	{Errance=1}
31	AUTUMN	0	1	0	0	Em=309	El=0	herbe=76%	brinsMoy=2.33	moutonSurHerbe=0%	{Errance=1}
32	AUTUMN	0	1	0	0	Em=350	El=0	herbe=76%	brinsMoy=2.33	moutonSurHerbe=100%	{Errance=1}
33	WINTER	0	1	0	0	Em=337	El=0	herbe=76%	brinsMoy=2.33	moutonSurHerbe=100%	{Errance=1}
34	WINTER	0	1	0	0	Em=304	El=0	herbe=76%	brinsMoy=1.00	moutonSurHerbe=100%	{Errance=1}
35	WINTER	0	1	0	0	Em=333	El=0	herbe=76%	brinsMoy=1.00	moutonSurHerbe=100%	{Errance=1}
36	SPRING	0	1	0	0	Em=298	El=0	herbe=76%	brinsMoy=1.00	moutonSurHerbe=100%	{Errance=1}
37	SPRING	0	1	0	0	Em=328	El=0	herbe=76%	brinsMoy=3.87	moutonSurHerbe=100%	{Errance=1}
38	SPRING	0	0	0	0	Em=0	El=0	herbe=76%	brinsMoy=3.87	moutonSurHerbe=0%	{}
# EXTINCTION TOTALE jour 38
# --- BILAN ---
# loups   min=0  EXTINCT à un moment
# moutons min=0  EXTINCT à un moment
  [rut MOUTON] j6 : 6 moutons
  [rut LOUP]   j9 : 5 loups
  [rut MOUTON] j18 : 1 moutons
  [rut LOUP]   j21 : 0 loups
  [rut MOUTON] j30 : 1 moutons
  [rut LOUP]   j33 : 0 loups
