Map : 12-14-9089-644676-1505993083, persistence : 1.0, octave : 3.0, fact : 0.1, periods : (8,8)
# dim=80 saison=3j an=57600 ticks | loups=0 moutons=25 ours=0 humains=0
# loupAge=15 moutonAge=30 loupE=1500 moutonE=1500
day	season	loups	moutons	ours	humains
0	SPRING	0	25	0	0	Em=1500	El=0	herbe=42%	brinsMoy=3.79	moutonSurHerbe=28%	{Errance=25}
1	SPRING	0	25	0	0	Em=1151	El=0	herbe=75%	brinsMoy=3.82	moutonSurHerbe=32%	{Broute=1, Errance=1, Regroupement=23}
2	SPRING	0	25	0	0	Em=1157	El=0	herbe=75%	brinsMoy=3.82	moutonSurHerbe=76%	{Broute=1, Errance=1, Regroupement=23}
3	SUMMER	0	25	0	0	Em=1156	El=0	herbe=75%	brinsMoy=3.82	moutonSurHerbe=100%	{Broute=1, Errance=1, Regroupement=23}
4	SUMMER	0	25	0	0	Em=1150	El=0	herbe=75%	brinsMoy=3.54	moutonSurHerbe=28%	{Broute=1, Errance=1, Regroupement=23}
5	SUMMER	0	25	0	0	Em=1144	El=0	herbe=75%	brinsMoy=3.55	moutonSurHerbe=12%	{Broute=1, Errance=1, Regroupement=23}
6	AUTUMN	0	25	0	0	Em=1155	El=0	herbe=75%	brinsMoy=3.55	moutonSurHerbe=36%	{Errance=1, Regroupement=24}
7	AUTUMN	0	24	0	0	Em=1126	El=0	herbe=74%	brinsMoy=2.28	moutonSurHerbe=29%	{Cherche partenaire=20, Cherche terre=3, Regroupement=1}
8	AUTUMN	0	24	0	0	Em=1108	El=0	herbe=74%	brinsMoy=2.29	moutonSurHerbe=25%	{Cherche partenaire=18, Cherche terre=5, Regroupement=1}
9	WINTER	0	22	0	0	Em=1153	El=0	herbe=74%	brinsMoy=2.28	moutonSurHerbe=55%	{Cherche partenaire=21, Regroupement=1}
10	WINTER	0	19	0	0	Em=1149	El=0	herbe=74%	brinsMoy=0.99	moutonSurHerbe=74%	{Regroupement=19}
11	WINTER	0	19	0	0	Em=1151	El=0	herbe=74%	brinsMoy=0.99	moutonSurHerbe=95%	{Regroupement=19}
12	SPRING	0	19	0	0	Em=1150	El=0	herbe=74%	brinsMoy=1.00	moutonSurHerbe=89%	{Broute=1, Regroupement=18}
13	SPRING	0	19	0	0	Em=1149	El=0	herbe=74%	brinsMoy=3.87	moutonSurHerbe=84%	{Regroupement=19}
14	SPRING	0	16	0	0	Em=1150	El=0	herbe=73%	brinsMoy=3.88	moutonSurHerbe=88%	{Regroupement=16}
15	SUMMER	0	16	0	0	Em=1153	El=0	herbe=74%	brinsMoy=3.88	moutonSurHerbe=75%	{Broute=2, Regroupement=14}
16	SUMMER	0	16	0	0	Em=1151	El=0	herbe=74%	brinsMoy=3.59	moutonSurHerbe=94%	{Regroupement=16}
17	SUMMER	0	16	0	0	Em=1154	El=0	herbe=74%	brinsMoy=3.59	moutonSurHerbe=94%	{Regroupement=16}
18	AUTUMN	0	16	0	0	Em=1147	El=0	herbe=74%	brinsMoy=3.59	moutonSurHerbe=81%	{Regroupement=16}
19	AUTUMN	0	32	0	0	Em=708	El=0	herbe=74%	brinsMoy=2.30	moutonSurHerbe=72%	{Cherche partenaire=14, Cherche terre=1, Errance=16, Regroupement=1}
20	AUTUMN	0	30	0	0	Em=712	El=0	herbe=74%	brinsMoy=2.30	moutonSurHerbe=77%	{Cherche partenaire=24, Cherche terre=2, Errance=2, Regroupement=2}
21	WINTER	0	29	0	0	Em=725	El=0	herbe=74%	brinsMoy=2.30	moutonSurHerbe=59%	{Cherche partenaire=25, Cherche terre=2, Regroupement=2}
22	WINTER	0	28	0	0	Em=716	El=0	herbe=74%	brinsMoy=1.00	moutonSurHerbe=64%	{Cherche terre=1, Regroupement=27}
23	WINTER	0	28	0	0	Em=703	El=0	herbe=74%	brinsMoy=1.00	moutonSurHerbe=50%	{Broute=1, Cherche terre=1, Regroupement=26}
24	SPRING	0	28	0	0	Em=704	El=0	herbe=74%	brinsMoy=1.00	moutonSurHerbe=36%	{Cherche terre=1, Regroupement=27}
25	SPRING	0	28	0	0	Em=707	El=0	herbe=74%	brinsMoy=3.89	moutonSurHerbe=75%	{Cherche terre=1, Regroupement=27}
26	SPRING	0	28	0	0	Em=702	El=0	herbe=74%	brinsMoy=3.89	moutonSurHerbe=75%	{Broute=1, Cherche terre=1, Regroupement=26}
# --- BILAN ---
# loups   min=0  EXTINCT à un moment
# moutons min=16  jamais éteint
  [rut MOUTON] j6 : 25 moutons
  [rut LOUP]   j9 : 0 loups
  [rut MOUTON] j18 : 16 moutons
  [rut LOUP]   j21 : 0 loups
