Map : 14-270-10465-146396-676472613, persistence : 1.0, octave : 3.0, fact : 0.06666666666666667, periods : (8,8)
# dim=120 saison=3j an=57600 ticks | loups=5 moutons=120 ours=0 humains=0
# loupAge=30 moutonAge=30 loupE=1500 moutonE=1500
day	season	loups	moutons	ours	humains
0	SPRING	5	120	0	0	Em=1500	El=1500	herbe=44%	brinsMoy=3.92	moutonSurHerbe=48%	{Errance=120}
1	SPRING	5	116	0	0	Em=1150	El=1120	herbe=80%	brinsMoy=3.94	moutonSurHerbe=95%	{Broute=5, Errance=1, Fuit loup=8, Regroupement=102}
2	SPRING	5	87	0	0	Em=1133	El=1017	herbe=80%	brinsMoy=3.94	moutonSurHerbe=56%	{Broute=1, Cherche herbe=1, Cherche terre=1, Errance=2, Fuit loup=2, Regroupement=80}
3	SUMMER	5	50	0	0	Em=1139	El=747	herbe=80%	brinsMoy=3.94	moutonSurHerbe=90%	{Errance=2, Fuit loup=15, Regroupement=33}
4	SUMMER	5	44	0	0	Em=1139	El=735	herbe=80%	brinsMoy=3.63	moutonSurHerbe=73%	{Broute=3, Cherche terre=1, Errance=4, Fuit loup=4, Regroupement=32}
5	SUMMER	5	33	0	0	Em=1130	El=859	herbe=80%	brinsMoy=3.63	moutonSurHerbe=42%	{Broute=2, Cherche terre=2, Errance=2, Fuit loup=4, Regroupement=23}
6	AUTUMN	5	24	0	0	Em=1142	El=774	herbe=80%	brinsMoy=3.63	moutonSurHerbe=29%	{Broute=1, Errance=2, Fuit loup=3, Regroupement=18}
7	AUTUMN	4	27	0	0	Em=846	El=810	herbe=80%	brinsMoy=2.35	moutonSurHerbe=30%	{Cherche partenaire=7, Cherche terre=5, Errance=11, Regroupement=4}
8	AUTUMN	3	25	0	0	Em=716	El=599	herbe=80%	brinsMoy=2.36	moutonSurHerbe=20%	{Cherche partenaire=2, Cherche terre=7, Errance=8, Fuit loup=1, Regroupement=7}
9	WINTER	3	21	0	0	Em=701	El=614	herbe=79%	brinsMoy=2.35	moutonSurHerbe=38%	{Cherche partenaire=10, Cherche terre=2, Errance=4, Regroupement=5}
10	WINTER	8	13	0	0	Em=716	El=663	herbe=79%	brinsMoy=1.00	moutonSurHerbe=92%	{Errance=5, Regroupement=8}
11	WINTER	3	9	0	0	Em=782	El=329	herbe=80%	brinsMoy=1.00	moutonSurHerbe=33%	{Broute=1, Regroupement=8}
12	SPRING	1	6	0	0	Em=873	El=438	herbe=80%	brinsMoy=1.00	moutonSurHerbe=83%	{Fuit loup=1, Regroupement=5}
13	SPRING	0	6	0	0	Em=874	El=0	herbe=80%	brinsMoy=3.95	moutonSurHerbe=100%	{Broute=1, Regroupement=5}
14	SPRING	0	6	0	0	Em=886	El=0	herbe=80%	brinsMoy=3.95	moutonSurHerbe=100%	{Regroupement=6}
15	SUMMER	0	6	0	0	Em=878	El=0	herbe=80%	brinsMoy=3.95	moutonSurHerbe=100%	{Regroupement=6}
16	SUMMER	0	6	0	0	Em=871	El=0	herbe=80%	brinsMoy=3.64	moutonSurHerbe=100%	{Regroupement=6}
17	SUMMER	0	6	0	0	Em=878	El=0	herbe=80%	brinsMoy=3.64	moutonSurHerbe=100%	{Regroupement=6}
18	AUTUMN	0	6	0	0	Em=880	El=0	herbe=80%	brinsMoy=3.64	moutonSurHerbe=100%	{Broute=1, Regroupement=5}
19	AUTUMN	0	21	0	0	Em=395	El=0	herbe=79%	brinsMoy=2.36	moutonSurHerbe=29%	{Cherche partenaire=1, Cherche terre=4, Errance=9, Regroupement=7}
20	AUTUMN	0	21	0	0	Em=348	El=0	herbe=80%	brinsMoy=2.36	moutonSurHerbe=10%	{Cherche partenaire=10, Errance=5, Regroupement=6}
21	WINTER	0	21	0	0	Em=406	El=0	herbe=80%	brinsMoy=2.36	moutonSurHerbe=81%	{Cherche partenaire=9, Cherche terre=1, Errance=4, Regroupement=7}
22	WINTER	0	21	0	0	Em=409	El=0	herbe=80%	brinsMoy=1.00	moutonSurHerbe=90%	{Regroupement=21}
23	WINTER	0	21	0	0	Em=405	El=0	herbe=80%	brinsMoy=1.00	moutonSurHerbe=95%	{Broute=1, Regroupement=20}
24	SPRING	0	17	0	0	Em=374	El=0	herbe=80%	brinsMoy=1.00	moutonSurHerbe=82%	{Broute=1, Fuit feu=1, Regroupement=15}
25	SPRING	0	17	0	0	Em=376	El=0	herbe=80%	brinsMoy=3.95	moutonSurHerbe=100%	{Broute=1, Regroupement=16}
26	SPRING	0	17	0	0	Em=374	El=0	herbe=80%	brinsMoy=3.95	moutonSurHerbe=100%	{Regroupement=17}
27	SUMMER	0	17	0	0	Em=378	El=0	herbe=80%	brinsMoy=3.95	moutonSurHerbe=94%	{Regroupement=17}
28	SUMMER	0	17	0	0	Em=371	El=0	herbe=80%	brinsMoy=3.64	moutonSurHerbe=100%	{Regroupement=17}
29	SUMMER	0	17	0	0	Em=381	El=0	herbe=80%	brinsMoy=3.64	moutonSurHerbe=82%	{Broute=1, Regroupement=16}
30	AUTUMN	0	17	0	0	Em=368	El=0	herbe=79%	brinsMoy=3.63	moutonSurHerbe=59%	{Regroupement=17}
31	AUTUMN	0	15	0	0	Em=319	El=0	herbe=80%	brinsMoy=2.36	moutonSurHerbe=87%	{Cherche partenaire=7, Errance=1, Regroupement=7}
32	AUTUMN	0	15	0	0	Em=299	El=0	herbe=80%	brinsMoy=2.36	moutonSurHerbe=40%	{Cherche partenaire=6, Cherche terre=3, Regroupement=6}
33	WINTER	0	14	0	0	Em=314	El=0	herbe=80%	brinsMoy=2.36	moutonSurHerbe=71%	{Cherche herbe=1, Cherche partenaire=6, Regroupement=7}
34	WINTER	0	14	0	0	Em=314	El=0	herbe=80%	brinsMoy=1.00	moutonSurHerbe=50%	{Regroupement=14}
35	WINTER	0	14	0	0	Em=330	El=0	herbe=80%	brinsMoy=1.00	moutonSurHerbe=79%	{Regroupement=14}
36	SPRING	0	14	0	0	Em=331	El=0	herbe=80%	brinsMoy=1.00	moutonSurHerbe=64%	{Regroupement=14}
37	SPRING	0	12	0	0	Em=316	El=0	herbe=79%	brinsMoy=3.94	moutonSurHerbe=25%	{Broute=2, Regroupement=10}
38	SPRING	0	12	0	0	Em=326	El=0	herbe=80%	brinsMoy=3.95	moutonSurHerbe=92%	{Regroupement=12}
39	SUMMER	0	12	0	0	Em=335	El=0	herbe=80%	brinsMoy=3.95	moutonSurHerbe=67%	{Regroupement=12}
40	SUMMER	0	12	0	0	Em=324	El=0	herbe=80%	brinsMoy=3.64	moutonSurHerbe=83%	{Broute=1, Regroupement=11}
41	SUMMER	0	12	0	0	Em=321	El=0	herbe=80%	brinsMoy=3.64	moutonSurHerbe=100%	{Regroupement=12}
42	AUTUMN	0	12	0	0	Em=328	El=0	herbe=80%	brinsMoy=3.64	moutonSurHerbe=100%	{Regroupement=12}
43	AUTUMN	0	10	0	0	Em=335	El=0	herbe=79%	brinsMoy=2.36	moutonSurHerbe=50%	{Broute=1, Cherche partenaire=4, Cherche terre=1, Regroupement=4}
44	AUTUMN	0	10	0	0	Em=327	El=0	herbe=79%	brinsMoy=2.36	moutonSurHerbe=70%	{Cherche partenaire=4, Cherche terre=1, Errance=1, Regroupement=4}
45	WINTER	0	9	0	0	Em=309	El=0	herbe=80%	brinsMoy=2.36	moutonSurHerbe=22%	{Cherche partenaire=4, Regroupement=5}
46	WINTER	0	9	0	0	Em=328	El=0	herbe=80%	brinsMoy=1.00	moutonSurHerbe=67%	{Errance=2, Regroupement=7}
47	WINTER	0	9	0	0	Em=321	El=0	herbe=80%	brinsMoy=1.00	moutonSurHerbe=100%	{Errance=1, Regroupement=8}
48	SPRING	0	8	0	0	Em=329	El=0	herbe=80%	brinsMoy=1.00	moutonSurHerbe=88%	{Errance=1, Regroupement=7}
# --- BILAN ---
# loups   min=0  EXTINCT à un moment
# moutons min=6  jamais éteint
  [rut MOUTON] j6 : 24 moutons
  [rut LOUP]   j9 : 3 loups
  [rut MOUTON] j18 : 6 moutons
  [rut LOUP]   j21 : 0 loups
  [rut MOUTON] j30 : 17 moutons
  [rut LOUP]   j33 : 0 loups
  [rut MOUTON] j42 : 12 moutons
  [rut LOUP]   j45 : 0 loups
