Map : 5-329-9862-826084-218109224, persistence : 1.0, octave : 3.0, fact : 0.1, periods : (8,8)
# dim=80 saison=3j an=57600 ticks | loups=4 moutons=60 ours=0 humains=0
# loupAge=30 moutonAge=30 loupE=1500 moutonE=1500
day	season	loups	moutons	ours	humains
0	SPRING	4	60	0	0	Em=1500	El=1500	herbe=43%	brinsMoy=3.99	moutonSurHerbe=43%	{Errance=60}
1	SPRING	4	54	0	0	Em=1136	El=1081	herbe=78%	brinsMoy=3.98	moutonSurHerbe=93%	{Broute=2, Fuit loup=5, Regroupement=47}
2	SPRING	4	44	0	0	Em=1147	El=1067	herbe=78%	brinsMoy=3.98	moutonSurHerbe=70%	{Broute=3, Fuit loup=5, Regroupement=36}
3	SUMMER	4	34	0	0	Em=1152	El=754	herbe=78%	brinsMoy=3.97	moutonSurHerbe=62%	{Errance=1, Regroupement=33}
4	SUMMER	4	27	0	0	Em=1148	El=768	herbe=78%	brinsMoy=3.70	moutonSurHerbe=85%	{Broute=3, Fuit loup=5, Regroupement=19}
5	SUMMER	4	19	0	0	Em=1022	El=565	herbe=78%	brinsMoy=3.70	moutonSurHerbe=21%	{Broute=2, Cherche herbe=2, Regroupement=15}
6	AUTUMN	3	16	0	0	Em=924	El=681	herbe=78%	brinsMoy=3.69	moutonSurHerbe=0%	{Cherche herbe=4, Regroupement=12}
7	AUTUMN	2	24	0	0	Em=700	El=777	herbe=78%	brinsMoy=2.40	moutonSurHerbe=88%	{Broute=1, Cherche partenaire=8, Errance=5, Fuit loup=5, Regroupement=5}
8	AUTUMN	1	24	0	0	Em=540	El=808	herbe=78%	brinsMoy=2.40	moutonSurHerbe=25%	{Broute=1, Cherche partenaire=9, Cherche terre=2, Errance=7, Fuit loup=2, Regroupement=3}
9	WINTER	0	22	0	0	Em=497	El=0	herbe=78%	brinsMoy=2.41	moutonSurHerbe=86%	{Broute=1, Cherche partenaire=10, Cherche terre=2, Errance=7, Regroupement=2}
10	WINTER	0	21	0	0	Em=523	El=0	herbe=78%	brinsMoy=1.00	moutonSurHerbe=90%	{Broute=1, Errance=1, Regroupement=19}
11	WINTER	0	17	0	0	Em=519	El=0	herbe=78%	brinsMoy=1.00	moutonSurHerbe=88%	{Regroupement=17}
12	SPRING	0	17	0	0	Em=526	El=0	herbe=78%	brinsMoy=1.00	moutonSurHerbe=100%	{Regroupement=17}
13	SPRING	0	17	0	0	Em=519	El=0	herbe=78%	brinsMoy=3.99	moutonSurHerbe=100%	{Regroupement=17}
14	SPRING	0	17	0	0	Em=524	El=0	herbe=78%	brinsMoy=3.99	moutonSurHerbe=100%	{Broute=1, Regroupement=16}
15	SUMMER	0	17	0	0	Em=528	El=0	herbe=78%	brinsMoy=3.99	moutonSurHerbe=100%	{Broute=1, Regroupement=16}
16	SUMMER	0	17	0	0	Em=519	El=0	herbe=78%	brinsMoy=3.71	moutonSurHerbe=100%	{Regroupement=17}
17	SUMMER	0	17	0	0	Em=527	El=0	herbe=78%	brinsMoy=3.71	moutonSurHerbe=88%	{Regroupement=17}
18	AUTUMN	0	17	0	0	Em=517	El=0	herbe=78%	brinsMoy=3.71	moutonSurHerbe=82%	{Regroupement=17}
19	AUTUMN	0	22	0	0	Em=477	El=0	herbe=78%	brinsMoy=2.40	moutonSurHerbe=95%	{Cherche partenaire=15, Errance=5, Regroupement=2}
20	AUTUMN	0	22	0	0	Em=477	El=0	herbe=78%	brinsMoy=2.40	moutonSurHerbe=95%	{Cherche partenaire=19, Regroupement=3}
21	WINTER	0	21	0	0	Em=440	El=0	herbe=78%	brinsMoy=2.40	moutonSurHerbe=81%	{Cherche partenaire=17, Cherche terre=1, Regroupement=3}
22	WINTER	0	20	0	0	Em=410	El=0	herbe=78%	brinsMoy=1.00	moutonSurHerbe=100%	{Regroupement=20}
23	WINTER	0	15	0	0	Em=419	El=0	herbe=77%	brinsMoy=1.00	moutonSurHerbe=73%	{Broute=2, Cherche terre=1, Fuit feu=1, Regroupement=11}
24	SPRING	0	15	0	0	Em=436	El=0	herbe=78%	brinsMoy=1.00	moutonSurHerbe=93%	{Regroupement=15}
25	SPRING	0	15	0	0	Em=447	El=0	herbe=78%	brinsMoy=3.99	moutonSurHerbe=100%	{Broute=1, Regroupement=14}
26	SPRING	0	15	0	0	Em=448	El=0	herbe=78%	brinsMoy=3.99	moutonSurHerbe=100%	{Regroupement=15}
27	SUMMER	0	14	0	0	Em=455	El=0	herbe=78%	brinsMoy=3.99	moutonSurHerbe=100%	{Broute=1, Regroupement=13}
28	SUMMER	0	14	0	0	Em=455	El=0	herbe=78%	brinsMoy=3.71	moutonSurHerbe=100%	{Broute=1, Regroupement=13}
29	SUMMER	0	14	0	0	Em=448	El=0	herbe=78%	brinsMoy=3.71	moutonSurHerbe=86%	{Regroupement=14}
30	AUTUMN	0	14	0	0	Em=449	El=0	herbe=78%	brinsMoy=3.71	moutonSurHerbe=100%	{Regroupement=14}
31	AUTUMN	0	13	0	0	Em=300	El=0	herbe=77%	brinsMoy=2.40	moutonSurHerbe=38%	{Cherche herbe=1, Cherche partenaire=8, Cherche terre=1, Fuit feu=1, Regroupement=2}
32	AUTUMN	0	12	0	0	Em=326	El=0	herbe=78%	brinsMoy=2.40	moutonSurHerbe=100%	{Cherche partenaire=10, Regroupement=2}
33	WINTER	0	12	0	0	Em=330	El=0	herbe=78%	brinsMoy=2.40	moutonSurHerbe=92%	{Cherche partenaire=10, Regroupement=2}
34	WINTER	0	12	0	0	Em=332	El=0	herbe=78%	brinsMoy=1.00	moutonSurHerbe=92%	{Broute=1, Regroupement=11}
35	WINTER	0	11	0	0	Em=329	El=0	herbe=78%	brinsMoy=1.00	moutonSurHerbe=55%	{Regroupement=11}
36	SPRING	0	11	0	0	Em=328	El=0	herbe=78%	brinsMoy=1.00	moutonSurHerbe=18%	{Regroupement=11}
37	SPRING	0	5	0	0	Em=336	El=0	herbe=78%	brinsMoy=3.99	moutonSurHerbe=80%	{Regroupement=5}
38	SPRING	0	4	0	0	Em=334	El=0	herbe=78%	brinsMoy=3.99	moutonSurHerbe=0%	{Broute=1, Regroupement=3}
39	SUMMER	0	3	0	0	Em=317	El=0	herbe=78%	brinsMoy=3.99	moutonSurHerbe=100%	{Regroupement=3}
40	SUMMER	0	3	0	0	Em=327	El=0	herbe=78%	brinsMoy=3.71	moutonSurHerbe=100%	{Regroupement=3}
41	SUMMER	0	3	0	0	Em=319	El=0	herbe=78%	brinsMoy=3.71	moutonSurHerbe=100%	{Regroupement=3}
42	AUTUMN	0	3	0	0	Em=323	El=0	herbe=78%	brinsMoy=3.71	moutonSurHerbe=100%	{Regroupement=3}
43	AUTUMN	0	3	0	0	Em=327	El=0	herbe=78%	brinsMoy=2.40	moutonSurHerbe=100%	{Cherche partenaire=3}
44	AUTUMN	0	3	0	0	Em=327	El=0	herbe=78%	brinsMoy=2.40	moutonSurHerbe=67%	{Cherche partenaire=3}
45	WINTER	0	3	0	0	Em=328	El=0	herbe=78%	brinsMoy=2.40	moutonSurHerbe=67%	{Cherche partenaire=3}
46	WINTER	0	3	0	0	Em=330	El=0	herbe=78%	brinsMoy=1.00	moutonSurHerbe=33%	{Broute=1, Regroupement=2}
47	WINTER	0	3	0	0	Em=331	El=0	herbe=76%	brinsMoy=1.00	moutonSurHerbe=100%	{Regroupement=3}
48	SPRING	0	3	0	0	Em=341	El=0	herbe=78%	brinsMoy=1.00	moutonSurHerbe=67%	{Regroupement=3}
# --- BILAN ---
# loups   min=0  EXTINCT à un moment
# moutons min=3  jamais éteint
  [rut MOUTON] j6 : 16 moutons
  [rut LOUP]   j9 : 0 loups
  [rut MOUTON] j18 : 17 moutons
  [rut LOUP]   j21 : 0 loups
  [rut MOUTON] j30 : 14 moutons
  [rut LOUP]   j33 : 0 loups
  [rut MOUTON] j42 : 3 moutons
  [rut LOUP]   j45 : 0 loups
