Map : 11-415-9423-368611-485199098, persistence : 1.0, octave : 3.0, fact : 0.1, periods : (8,8)
# dim=80 saison=3j an=57600 ticks | loups=5 moutons=70 ours=0 humains=0
# loupAge=30 moutonAge=30 loupE=1500 moutonE=1500
day	season	loups	moutons	ours	humains
0	SPRING	5	70	0	0	Em=1500	El=1500	herbe=43%	brinsMoy=3.86	moutonSurHerbe=23%	{Errance=70}
1	SPRING	5	63	0	0	Em=1135	El=1045	herbe=77%	brinsMoy=3.86	moutonSurHerbe=78%	{Broute=1, Cherche herbe=1, Cherche terre=1, Errance=1, Fuit loup=1, Regroupement=58}
2	SPRING	5	38	0	0	Em=1143	El=1021	herbe=76%	brinsMoy=3.86	moutonSurHerbe=45%	{Fuit loup=1, Regroupement=37}
3	SUMMER	5	31	0	0	Em=1141	El=716	herbe=76%	brinsMoy=3.86	moutonSurHerbe=45%	{Broute=2, Cherche terre=1, Errance=1, Fuit loup=2, Regroupement=25}
4	SUMMER	5	21	0	0	Em=1138	El=505	herbe=76%	brinsMoy=3.56	moutonSurHerbe=48%	{Broute=2, Errance=1, Fuit loup=2, Regroupement=16}
5	SUMMER	4	13	0	0	Em=1160	El=771	herbe=77%	brinsMoy=3.56	moutonSurHerbe=92%	{Regroupement=13}
6	AUTUMN	4	4	0	0	Em=1052	El=778	herbe=76%	brinsMoy=3.56	moutonSurHerbe=50%	{Cherche terre=1, Errance=1, Méfiance=1, Regroupement=1}
7	AUTUMN	1	21	0	0	Em=421	El=98	herbe=76%	brinsMoy=2.29	moutonSurHerbe=38%	{Broute=1, Cherche partenaire=2, Errance=11, Fuit loup=2, Regroupement=5}
8	AUTUMN	1	21	0	0	Em=403	El=787	herbe=76%	brinsMoy=2.29	moutonSurHerbe=71%	{Cherche terre=1, Errance=5, Regroupement=15}
9	WINTER	1	14	0	0	Em=308	El=784	herbe=76%	brinsMoy=2.30	moutonSurHerbe=57%	{Cherche partenaire=5, Fuit loup=1, Méfiance=1, Regroupement=7}
10	WINTER	1	13	0	0	Em=319	El=771	herbe=76%	brinsMoy=1.00	moutonSurHerbe=31%	{Cherche terre=1, Méfiance=2, Regroupement=10}
11	WINTER	1	10	0	0	Em=324	El=799	herbe=76%	brinsMoy=1.00	moutonSurHerbe=60%	{Broute=1, Errance=3, Regroupement=6}
12	SPRING	1	8	0	0	Em=327	El=775	herbe=76%	brinsMoy=1.00	moutonSurHerbe=88%	{Errance=1, Regroupement=7}
13	SPRING	1	7	0	0	Em=326	El=778	herbe=76%	brinsMoy=3.89	moutonSurHerbe=71%	{Errance=2, Regroupement=5}
14	SPRING	1	5	0	0	Em=316	El=803	herbe=74%	brinsMoy=3.89	moutonSurHerbe=100%	{Regroupement=5}
15	SUMMER	1	3	0	0	Em=340	El=803	herbe=76%	brinsMoy=3.90	moutonSurHerbe=100%	{Fuit loup=2, Regroupement=1}
16	SUMMER	0	2	0	0	Em=345	El=0	herbe=76%	brinsMoy=3.59	moutonSurHerbe=100%	{Regroupement=2}
17	SUMMER	0	2	0	0	Em=323	El=0	herbe=76%	brinsMoy=3.59	moutonSurHerbe=100%	{Regroupement=2}
18	AUTUMN	0	2	0	0	Em=344	El=0	herbe=76%	brinsMoy=3.59	moutonSurHerbe=100%	{Regroupement=2}
19	AUTUMN	0	2	0	0	Em=351	El=0	herbe=75%	brinsMoy=2.31	moutonSurHerbe=100%	{Cherche partenaire=1, Regroupement=1}
20	AUTUMN	0	2	0	0	Em=134	El=0	herbe=76%	brinsMoy=2.31	moutonSurHerbe=0%	{Cherche partenaire=1, Cherche terre=1}
21	WINTER	0	1	0	0	Em=315	El=0	herbe=76%	brinsMoy=2.31	moutonSurHerbe=100%	{Errance=1}
22	WINTER	0	1	0	0	Em=304	El=0	herbe=76%	brinsMoy=1.00	moutonSurHerbe=100%	{Errance=1}
23	WINTER	0	1	0	0	Em=355	El=0	herbe=76%	brinsMoy=1.00	moutonSurHerbe=100%	{Errance=1}
24	SPRING	0	1	0	0	Em=320	El=0	herbe=76%	brinsMoy=1.00	moutonSurHerbe=0%	{Errance=1}
25	SPRING	0	1	0	0	Em=336	El=0	herbe=76%	brinsMoy=3.90	moutonSurHerbe=0%	{Errance=1}
26	SPRING	0	1	0	0	Em=336	El=0	herbe=76%	brinsMoy=3.90	moutonSurHerbe=0%	{Errance=1}
27	SUMMER	0	1	0	0	Em=352	El=0	herbe=76%	brinsMoy=3.90	moutonSurHerbe=100%	{Errance=1}
28	SUMMER	0	1	0	0	Em=293	El=0	herbe=75%	brinsMoy=3.59	moutonSurHerbe=0%	{Errance=1}
29	SUMMER	0	1	0	0	Em=299	El=0	herbe=76%	brinsMoy=3.60	moutonSurHerbe=100%	{Errance=1}
30	AUTUMN	0	1	0	0	Em=292	El=0	herbe=76%	brinsMoy=3.60	moutonSurHerbe=0%	{Errance=1}
31	AUTUMN	0	1	0	0	Em=307	El=0	herbe=75%	brinsMoy=2.31	moutonSurHerbe=0%	{Errance=1}
32	AUTUMN	0	1	0	0	Em=311	El=0	herbe=76%	brinsMoy=2.31	moutonSurHerbe=100%	{Errance=1}
33	WINTER	0	1	0	0	Em=349	El=0	herbe=76%	brinsMoy=2.31	moutonSurHerbe=100%	{Errance=1}
34	WINTER	0	1	0	0	Em=317	El=0	herbe=75%	brinsMoy=1.00	moutonSurHerbe=100%	{Errance=1}
35	WINTER	0	1	0	0	Em=316	El=0	herbe=76%	brinsMoy=1.00	moutonSurHerbe=0%	{Errance=1}
36	SPRING	0	1	0	0	Em=308	El=0	herbe=76%	brinsMoy=1.00	moutonSurHerbe=0%	{Errance=1}
37	SPRING	0	1	0	0	Em=348	El=0	herbe=76%	brinsMoy=3.90	moutonSurHerbe=100%	{Errance=1}
38	SPRING	0	1	0	0	Em=330	El=0	herbe=76%	brinsMoy=3.90	moutonSurHerbe=100%	{Errance=1}
39	SUMMER	0	1	0	0	Em=348	El=0	herbe=76%	brinsMoy=3.90	moutonSurHerbe=0%	{Errance=1}
40	SUMMER	0	1	0	0	Em=309	El=0	herbe=76%	brinsMoy=3.60	moutonSurHerbe=0%	{Errance=1}
41	SUMMER	0	1	0	0	Em=351	El=0	herbe=76%	brinsMoy=3.60	moutonSurHerbe=100%	{Errance=1}
42	AUTUMN	0	1	0	0	Em=353	El=0	herbe=76%	brinsMoy=3.60	moutonSurHerbe=0%	{Errance=1}
43	AUTUMN	0	1	0	0	Em=337	El=0	herbe=76%	brinsMoy=2.31	moutonSurHerbe=0%	{Errance=1}
44	AUTUMN	0	1	0	0	Em=336	El=0	herbe=76%	brinsMoy=2.31	moutonSurHerbe=100%	{Errance=1}
45	WINTER	0	1	0	0	Em=350	El=0	herbe=76%	brinsMoy=2.31	moutonSurHerbe=0%	{Errance=1}
46	WINTER	0	1	0	0	Em=300	El=0	herbe=76%	brinsMoy=1.00	moutonSurHerbe=100%	{Errance=1}
47	WINTER	0	1	0	0	Em=323	El=0	herbe=74%	brinsMoy=1.00	moutonSurHerbe=100%	{Errance=1}
48	SPRING	0	1	0	0	Em=319	El=0	herbe=76%	brinsMoy=1.00	moutonSurHerbe=100%	{Errance=1}
# --- BILAN ---
# loups   min=0  EXTINCT à un moment
# moutons min=1  jamais éteint
  [rut MOUTON] j6 : 4 moutons
  [rut LOUP]   j9 : 1 loups
  [rut MOUTON] j18 : 2 moutons
  [rut LOUP]   j21 : 0 loups
  [rut MOUTON] j30 : 1 moutons
  [rut LOUP]   j33 : 0 loups
  [rut MOUTON] j42 : 1 moutons
  [rut LOUP]   j45 : 0 loups
