Map : 26-1004-4118-675211-1874996154, persistence : 1.0, octave : 3.0, fact : 0.05333333333333334, periods : (8,8)
# dim=150 saison=3j an=57600 ticks | loups=6 moutons=28 ours=1 humains=1
# loupAge=28 moutonAge=24 loupE=1500 moutonE=1500
day	season	loups	moutons	ours	humains
0	SPRING	6	28	1	1	Em=1500	El=1500	herbe=41%	moutonSurHerbe=18%
1	SPRING	6	22	1	1	Em=1074	El=901	herbe=60%	moutonSurHerbe=18%
2	SPRING	5	15	1	1	Em=909	El=1040	herbe=65%	moutonSurHerbe=7%
3	SUMMER	4	7	1	1	Em=1079	El=701	herbe=67%	moutonSurHerbe=29%
4	SUMMER	2	4	1	1	Em=892	El=594	herbe=70%	moutonSurHerbe=25%
5	SUMMER	0	4	1	1	Em=692	El=0	herbe=69%	moutonSurHerbe=0%
6	AUTUMN	0	3	0	1	Em=682	El=0	herbe=69%	moutonSurHerbe=0%
7	AUTUMN	0	2	0	1	Em=1035	El=0	herbe=69%	moutonSurHerbe=50%
8	AUTUMN	0	2	0	1	Em=660	El=0	herbe=62%	moutonSurHerbe=0%
9	WINTER	0	2	0	1	Em=1135	El=0	herbe=58%	moutonSurHerbe=50%
10	WINTER	0	2	0	1	Em=1129	El=0	herbe=53%	moutonSurHerbe=100%
11	WINTER	0	2	0	1	Em=978	El=0	herbe=53%	moutonSurHerbe=0%
12	SPRING	0	2	0	1	Em=737	El=0	herbe=48%	moutonSurHerbe=0%
13	SPRING	0	2	0	1	Em=1130	El=0	herbe=60%	moutonSurHerbe=0%
14	SPRING	0	2	0	1	Em=1130	El=0	herbe=69%	moutonSurHerbe=100%
15	SUMMER	0	2	0	1	Em=1128	El=0	herbe=65%	moutonSurHerbe=50%
16	SUMMER	0	2	0	1	Em=1110	El=0	herbe=66%	moutonSurHerbe=0%
17	SUMMER	0	2	0	1	Em=1098	El=0	herbe=65%	moutonSurHerbe=0%
18	AUTUMN	0	1	0	1	Em=1131	El=0	herbe=65%	moutonSurHerbe=100%
19	AUTUMN	0	1	0	1	Em=1137	El=0	herbe=66%	moutonSurHerbe=100%
20	AUTUMN	0	1	0	1	Em=1133	El=0	herbe=63%	moutonSurHerbe=100%
21	WINTER	0	1	0	1	Em=1137	El=0	herbe=65%	moutonSurHerbe=100%
22	WINTER	0	1	0	1	Em=1126	El=0	herbe=62%	moutonSurHerbe=0%
23	WINTER	0	1	0	1	Em=1123	El=0	herbe=63%	moutonSurHerbe=0%
24	SPRING	0	1	0	1	Em=1129	El=0	herbe=63%	moutonSurHerbe=100%
25	SPRING	0	0	0	1	Em=0	El=0	herbe=69%	moutonSurHerbe=0%
# EXTINCTION TOTALE jour 25
# --- BILAN ---
# loups   min=0  EXTINCT à un moment
# moutons min=0  EXTINCT à un moment
  [rut MOUTON] j6 : 3 moutons
  [rut LOUP]   j9 : 0 loups
  [rut MOUTON] j18 : 1 moutons
  [rut LOUP]   j21 : 0 loups
