Map : 19-304-5907-550598-1363821897, persistence : 1.0, octave : 3.0, fact : 0.05333333333333334, periods : (8,8)
# dim=150 saison=3j an=57600 ticks | loups=0 moutons=28 ours=0 humains=0
# loupAge=15 moutonAge=24 loupE=1500 moutonE=2500
day	season	loups	moutons	ours	humains
0	SPRING	0	28	0	0	Em=2500	El=0	herbe=45%	moutonSurHerbe=29%	{Errance=28}
1	SPRING	0	28	0	0	Em=1945	El=0	herbe=74%	moutonSurHerbe=82%	{Errance=2, Regroupement=26}
2	SPRING	0	28	0	0	Em=1881	El=0	herbe=77%	moutonSurHerbe=21%	{Broute=2, Errance=1, Regroupement=25}
3	SUMMER	0	28	0	0	Em=1856	El=0	herbe=78%	moutonSurHerbe=25%	{Broute=1, Errance=2, Regroupement=25}
4	SUMMER	0	28	0	0	Em=1820	El=0	herbe=77%	moutonSurHerbe=21%	{Broute=1, Errance=2, Regroupement=25}
5	SUMMER	0	28	0	0	Em=1858	El=0	herbe=75%	moutonSurHerbe=21%	{Broute=1, Errance=1, Regroupement=26}
6	AUTUMN	0	28	0	0	Em=1837	El=0	herbe=72%	moutonSurHerbe=25%	{Broute=1, Errance=4, Regroupement=23}
7	AUTUMN	0	24	0	0	Em=1602	El=0	herbe=69%	moutonSurHerbe=25%	{Broute=3, Cherche herbe=1, Cherche partenaire=18, Errance=1, Regroupement=1}
8	AUTUMN	0	24	0	0	Em=1623	El=0	herbe=69%	moutonSurHerbe=8%	{Cherche herbe=3, Cherche partenaire=19, Regroupement=2}
9	WINTER	0	24	0	0	Em=1619	El=0	herbe=71%	moutonSurHerbe=4%	{Broute=1, Cherche herbe=2, Cherche partenaire=20, Regroupement=1}
10	WINTER	0	19	0	0	Em=1759	El=0	herbe=65%	moutonSurHerbe=5%	{Broute=1, Cherche herbe=1, Regroupement=17}
11	WINTER	0	19	0	0	Em=1748	El=0	herbe=61%	moutonSurHerbe=5%	{Broute=2, Errance=2, Regroupement=15}
12	SPRING	0	14	0	0	Em=1758	El=0	herbe=63%	moutonSurHerbe=21%	{Broute=1, Regroupement=13}
13	SPRING	0	14	0	0	Em=1766	El=0	herbe=71%	moutonSurHerbe=7%	{Errance=1, Regroupement=13}
14	SPRING	0	14	0	0	Em=1865	El=0	herbe=75%	moutonSurHerbe=36%	{Broute=1, Regroupement=13}
15	SUMMER	0	12	0	0	Em=1882	El=0	herbe=76%	moutonSurHerbe=42%	{Broute=1, Errance=2, Regroupement=9}
16	SUMMER	0	12	0	0	Em=1746	El=0	herbe=78%	moutonSurHerbe=0%	{Broute=3, Regroupement=9}
17	SUMMER	0	7	0	0	Em=1831	El=0	herbe=75%	moutonSurHerbe=71%	{Broute=1, Errance=2, Regroupement=4}
18	AUTUMN	0	7	0	0	Em=1816	El=0	herbe=78%	moutonSurHerbe=29%	{Errance=1, Regroupement=6}
19	AUTUMN	0	22	0	0	Em=744	El=0	herbe=73%	moutonSurHerbe=5%	{Broute=3, Cherche partenaire=6, Errance=13}
20	AUTUMN	0	25	0	0	Em=676	El=0	herbe=68%	moutonSurHerbe=4%	{Broute=9, Cherche partenaire=9, Errance=6, Regroupement=1}
21	WINTER	0	24	0	0	Em=657	El=0	herbe=64%	moutonSurHerbe=0%	{Broute=6, Cherche herbe=4, Cherche partenaire=12, Cherche terre=1, Regroupement=1}
22	WINTER	0	19	0	0	Em=673	El=0	herbe=59%	moutonSurHerbe=0%	{Broute=7, Cherche herbe=4, Cherche terre=1, Regroupement=7}
23	WINTER	0	18	0	0	Em=754	El=0	herbe=58%	moutonSurHerbe=11%	{Broute=4, Cherche herbe=5, Errance=1, Regroupement=8}
24	SPRING	0	17	0	0	Em=805	El=0	herbe=51%	moutonSurHerbe=6%	{Broute=5, Cherche herbe=4, Errance=1, Regroupement=7}
25	SPRING	0	10	0	0	Em=252	El=0	herbe=69%	moutonSurHerbe=0%	{Broute=4, Cherche herbe=1, Regroupement=5}
26	SPRING	0	10	0	0	Em=244	El=0	herbe=73%	moutonSurHerbe=10%	{Broute=5, Cherche herbe=2, Regroupement=3}
27	SUMMER	0	10	0	0	Em=252	El=0	herbe=74%	moutonSurHerbe=0%	{Broute=5, Cherche herbe=2, Regroupement=3}
28	SUMMER	0	9	0	0	Em=268	El=0	herbe=72%	moutonSurHerbe=0%	{Broute=2, Errance=1, Regroupement=6}
29	SUMMER	0	9	0	0	Em=237	El=0	herbe=69%	moutonSurHerbe=0%	{Broute=4, Cherche herbe=3, Regroupement=2}
30	AUTUMN	0	9	0	0	Em=265	El=0	herbe=72%	moutonSurHerbe=22%	{Cherche herbe=2, Errance=2, Regroupement=5}
31	AUTUMN	0	7	0	0	Em=255	El=0	herbe=69%	moutonSurHerbe=0%	{Broute=2, Cherche herbe=1, Cherche partenaire=3, Errance=1}
32	AUTUMN	0	7	0	0	Em=188	El=0	herbe=69%	moutonSurHerbe=0%	{Broute=3, Cherche herbe=1, Cherche partenaire=3}
33	WINTER	0	5	0	0	Em=195	El=0	herbe=64%	moutonSurHerbe=0%	{Broute=1, Cherche herbe=2, Cherche partenaire=1, Errance=1}
34	WINTER	0	5	0	0	Em=250	El=0	herbe=64%	moutonSurHerbe=0%	{Broute=3, Cherche herbe=1, Regroupement=1}
35	WINTER	0	5	0	0	Em=248	El=0	herbe=65%	moutonSurHerbe=0%	{Broute=2, Regroupement=3}
36	SPRING	0	5	0	0	Em=265	El=0	herbe=61%	moutonSurHerbe=0%	{Broute=3, Regroupement=2}
# --- BILAN ---
# loups   min=0  EXTINCT à un moment
# moutons min=5  jamais éteint
  [rut MOUTON] j6 : 28 moutons
  [rut LOUP]   j9 : 0 loups
  [rut MOUTON] j18 : 7 moutons
  [rut LOUP]   j21 : 0 loups
  [rut MOUTON] j30 : 9 moutons
  [rut LOUP]   j33 : 0 loups
