Map : 7-151-2679-1092012-1863393971, persistence : 1.0, octave : 3.0, fact : 0.05333333333333334, periods : (8,8)
# dim=150 saison=3j an=57600 ticks | loups=0 moutons=28 ours=0 humains=0
# loupAge=15 moutonAge=24 loupE=1500 moutonE=2500
day	season	loups	moutons	ours	humains
0	SPRING	0	28	0	0	Em=2500	El=0	herbe=43%	moutonSurHerbe=29%	{Errance=28}
1	SPRING	0	28	0	0	Em=1893	El=0	herbe=65%	moutonSurHerbe=32%	{Cherche terre=1, Regroupement=27}
2	SPRING	0	27	0	0	Em=1783	El=0	herbe=70%	moutonSurHerbe=26%	{Broute=1, Cherche herbe=1, Regroupement=25}
3	SUMMER	0	27	0	0	Em=1767	El=0	herbe=72%	moutonSurHerbe=15%	{Broute=3, Regroupement=24}
4	SUMMER	0	27	0	0	Em=1794	El=0	herbe=69%	moutonSurHerbe=4%	{Broute=2, Cherche herbe=1, Regroupement=24}
5	SUMMER	0	26	0	0	Em=1780	El=0	herbe=68%	moutonSurHerbe=19%	{Broute=2, Cherche herbe=1, Errance=1, Regroupement=22}
6	AUTUMN	0	26	0	0	Em=1840	El=0	herbe=69%	moutonSurHerbe=12%	{Broute=1, Regroupement=25}
7	AUTUMN	0	26	0	0	Em=1699	El=0	herbe=62%	moutonSurHerbe=23%	{Broute=3, Cherche partenaire=19, Cherche terre=2, Regroupement=2}
8	AUTUMN	0	24	0	0	Em=1596	El=0	herbe=60%	moutonSurHerbe=21%	{Broute=2, Cherche herbe=1, Cherche partenaire=16, Cherche terre=1, Errance=1, Regroupement=3}
9	WINTER	0	22	0	0	Em=1303	El=0	herbe=58%	moutonSurHerbe=18%	{Broute=2, Cherche herbe=1, Cherche partenaire=13, Cherche terre=1, Errance=2, Regroupement=3}
10	WINTER	0	16	0	0	Em=1635	El=0	herbe=49%	moutonSurHerbe=6%	{Broute=2, Cherche herbe=1, Errance=3, Regroupement=10}
11	WINTER	0	16	0	0	Em=1499	El=0	herbe=50%	moutonSurHerbe=6%	{Broute=2, Cherche herbe=2, Regroupement=12}
12	SPRING	0	14	0	0	Em=1464	El=0	herbe=44%	moutonSurHerbe=0%	{Broute=1, Cherche herbe=2, Regroupement=11}
13	SPRING	0	14	0	0	Em=1535	El=0	herbe=61%	moutonSurHerbe=7%	{Broute=5, Regroupement=9}
14	SPRING	0	13	0	0	Em=1629	El=0	herbe=64%	moutonSurHerbe=15%	{Broute=1, Errance=1, Regroupement=11}
15	SUMMER	0	13	0	0	Em=1750	El=0	herbe=67%	moutonSurHerbe=23%	{Cherche herbe=1, Errance=1, Regroupement=11}
16	SUMMER	0	11	0	0	Em=1718	El=0	herbe=64%	moutonSurHerbe=36%	{Cherche herbe=1, Errance=1, Regroupement=9}
17	SUMMER	0	10	0	0	Em=1767	El=0	herbe=67%	moutonSurHerbe=30%	{Cherche herbe=2, Errance=1, Regroupement=7}
18	AUTUMN	0	10	0	0	Em=1663	El=0	herbe=68%	moutonSurHerbe=30%	{Cherche herbe=2, Errance=1, Regroupement=7}
19	AUTUMN	0	24	0	0	Em=723	El=0	herbe=56%	moutonSurHerbe=4%	{Broute=7, Cherche partenaire=4, Errance=12, Regroupement=1}
20	AUTUMN	0	22	0	0	Em=691	El=0	herbe=53%	moutonSurHerbe=0%	{Broute=1, Cherche herbe=4, Cherche partenaire=15, Errance=2}
21	WINTER	0	21	0	0	Em=656	El=0	herbe=50%	moutonSurHerbe=0%	{Broute=5, Cherche herbe=5, Cherche partenaire=10, Regroupement=1}
22	WINTER	0	20	0	0	Em=720	El=0	herbe=45%	moutonSurHerbe=0%	{Broute=7, Cherche herbe=5, Errance=3, Regroupement=5}
23	WINTER	0	16	0	0	Em=468	El=0	herbe=42%	moutonSurHerbe=0%	{Broute=6, Cherche herbe=6, Errance=1, Regroupement=3}
24	SPRING	0	12	0	0	Em=590	El=0	herbe=42%	moutonSurHerbe=8%	{Broute=2, Cherche herbe=4, Errance=3, Regroupement=3}
25	SPRING	0	9	0	0	Em=226	El=0	herbe=58%	moutonSurHerbe=0%	{Broute=2, Cherche herbe=4, Errance=1, Regroupement=2}
26	SPRING	0	8	0	0	Em=174	El=0	herbe=63%	moutonSurHerbe=0%	{Broute=3, Cherche herbe=4, Regroupement=1}
27	SUMMER	0	3	0	0	Em=235	El=0	herbe=66%	moutonSurHerbe=0%	{Broute=1, Cherche herbe=1, Regroupement=1}
28	SUMMER	0	3	0	0	Em=254	El=0	herbe=67%	moutonSurHerbe=0%	{Errance=1, Regroupement=2}
29	SUMMER	0	3	0	0	Em=294	El=0	herbe=67%	moutonSurHerbe=0%	{Broute=2, Regroupement=1}
30	AUTUMN	0	3	0	0	Em=259	El=0	herbe=65%	moutonSurHerbe=0%	{Broute=2, Errance=1}
31	AUTUMN	0	1	0	0	Em=150	El=0	herbe=62%	moutonSurHerbe=0%	{Cherche herbe=1}
32	AUTUMN	0	1	0	0	Em=284	El=0	herbe=67%	moutonSurHerbe=0%	{Errance=1}
33	WINTER	0	1	0	0	Em=301	El=0	herbe=67%	moutonSurHerbe=0%	{Errance=1}
34	WINTER	0	1	0	0	Em=286	El=0	herbe=65%	moutonSurHerbe=0%	{Errance=1}
35	WINTER	0	1	0	0	Em=219	El=0	herbe=58%	moutonSurHerbe=0%	{Cherche herbe=1}
36	SPRING	0	1	0	0	Em=299	El=0	herbe=58%	moutonSurHerbe=0%	{Errance=1}
# --- BILAN ---
# loups   min=0  EXTINCT à un moment
# moutons min=1  jamais éteint
  [rut MOUTON] j6 : 26 moutons
  [rut LOUP]   j9 : 0 loups
  [rut MOUTON] j18 : 10 moutons
  [rut LOUP]   j21 : 0 loups
  [rut MOUTON] j30 : 3 moutons
  [rut LOUP]   j33 : 0 loups
