Map : 7-593-6169-387713-819307198, persistence : 1.0, octave : 3.0, fact : 0.05333333333333334, periods : (8,8)
# dim=150 saison=3j an=57600 ticks | loups=0 moutons=28 ours=0 humains=0
# loupAge=15 moutonAge=24 loupE=1500 moutonE=2500
day	season	loups	moutons	ours	humains
0	SPRING	0	28	0	0	Em=2500	El=0	herbe=47%	moutonSurHerbe=50%	{Errance=28}
1	SPRING	0	28	0	0	Em=2043	El=0	herbe=79%	moutonSurHerbe=96%	{Errance=3, Regroupement=25}
2	SPRING	0	28	0	0	Em=1884	El=0	herbe=84%	moutonSurHerbe=50%	{Broute=2, Errance=3, Regroupement=23}
3	SUMMER	0	21	0	0	Em=1849	El=0	herbe=84%	moutonSurHerbe=10%	{Errance=3, Regroupement=18}
4	SUMMER	0	21	0	0	Em=1884	El=0	herbe=81%	moutonSurHerbe=43%	{Broute=1, Errance=3, Regroupement=17}
5	SUMMER	0	21	0	0	Em=1852	El=0	herbe=82%	moutonSurHerbe=29%	{Broute=3, Errance=3, Regroupement=15}
6	AUTUMN	0	11	0	0	Em=1852	El=0	herbe=80%	moutonSurHerbe=55%	{Errance=3, Regroupement=8}
7	AUTUMN	0	19	0	0	Em=651	El=0	herbe=78%	moutonSurHerbe=0%	{Broute=2, Cherche herbe=3, Errance=9, Regroupement=5}
8	AUTUMN	0	22	0	0	Em=579	El=0	herbe=74%	moutonSurHerbe=9%	{Broute=8, Cherche herbe=3, Cherche partenaire=2, Errance=8, Regroupement=1}
9	WINTER	0	20	0	0	Em=496	El=0	herbe=62%	moutonSurHerbe=15%	{Broute=5, Cherche herbe=2, Cherche partenaire=6, Errance=6, Fuit feu=1}
10	WINTER	0	17	0	0	Em=455	El=0	herbe=63%	moutonSurHerbe=6%	{Broute=5, Cherche herbe=4, Errance=3, Fuit feu=5}
11	WINTER	0	6	0	0	Em=800	El=0	herbe=59%	moutonSurHerbe=33%	{Broute=2, Errance=3, Regroupement=1}
12	SPRING	0	6	0	0	Em=825	El=0	herbe=64%	moutonSurHerbe=33%	{Errance=5, Regroupement=1}
13	SPRING	0	6	0	0	Em=812	El=0	herbe=78%	moutonSurHerbe=33%	{Broute=1, Errance=2, Regroupement=3}
14	SPRING	0	6	0	0	Em=806	El=0	herbe=78%	moutonSurHerbe=33%	{Broute=2, Errance=1, Regroupement=3}
15	SUMMER	0	6	0	0	Em=827	El=0	herbe=77%	moutonSurHerbe=33%	{Broute=1, Errance=2, Regroupement=3}
16	SUMMER	0	6	0	0	Em=813	El=0	herbe=81%	moutonSurHerbe=33%	{Broute=1, Errance=2, Regroupement=3}
17	SUMMER	0	6	0	0	Em=816	El=0	herbe=81%	moutonSurHerbe=33%	{Broute=1, Errance=2, Regroupement=3}
18	AUTUMN	0	6	0	0	Em=807	El=0	herbe=82%	moutonSurHerbe=33%	{Cherche herbe=2, Errance=2, Regroupement=2}
19	AUTUMN	0	18	0	0	Em=482	El=0	herbe=77%	moutonSurHerbe=17%	{Broute=1, Cherche herbe=2, Cherche partenaire=2, Errance=6, Regroupement=7}
20	AUTUMN	0	21	0	0	Em=376	El=0	herbe=74%	moutonSurHerbe=14%	{Broute=8, Cherche herbe=5, Errance=7, Regroupement=1}
21	WINTER	0	21	0	0	Em=362	El=0	herbe=59%	moutonSurHerbe=0%	{Broute=7, Cherche herbe=3, Cherche partenaire=7, Errance=3, Regroupement=1}
22	WINTER	0	15	0	0	Em=427	El=0	herbe=47%	moutonSurHerbe=7%	{Broute=1, Cherche herbe=5, Errance=2, Regroupement=7}
23	WINTER	0	15	0	0	Em=452	El=0	herbe=53%	moutonSurHerbe=13%	{Broute=5, Cherche herbe=4, Errance=3, Regroupement=3}
24	SPRING	0	14	0	0	Em=474	El=0	herbe=58%	moutonSurHerbe=0%	{Broute=5, Cherche herbe=3, Errance=1, Regroupement=5}
25	SPRING	0	12	0	0	Em=251	El=0	herbe=77%	moutonSurHerbe=25%	{Broute=1, Cherche herbe=4, Errance=3, Regroupement=4}
26	SPRING	0	10	0	0	Em=271	El=0	herbe=79%	moutonSurHerbe=30%	{Broute=3, Cherche herbe=1, Errance=3, Regroupement=3}
27	SUMMER	0	10	0	0	Em=261	El=0	herbe=79%	moutonSurHerbe=20%	{Broute=3, Cherche herbe=1, Errance=3, Regroupement=3}
28	SUMMER	0	10	0	0	Em=258	El=0	herbe=81%	moutonSurHerbe=20%	{Broute=3, Cherche herbe=2, Errance=3, Regroupement=2}
29	SUMMER	0	10	0	0	Em=265	El=0	herbe=80%	moutonSurHerbe=10%	{Broute=3, Cherche herbe=2, Errance=2, Regroupement=3}
30	AUTUMN	0	10	0	0	Em=269	El=0	herbe=79%	moutonSurHerbe=0%	{Broute=4, Regroupement=6}
31	AUTUMN	0	10	0	0	Em=246	El=0	herbe=71%	moutonSurHerbe=10%	{Broute=2, Cherche herbe=2, Cherche partenaire=5, Errance=1}
32	AUTUMN	0	9	0	0	Em=186	El=0	herbe=74%	moutonSurHerbe=11%	{Broute=1, Cherche herbe=4, Cherche partenaire=3, Errance=1}
33	WINTER	0	7	0	0	Em=251	El=0	herbe=70%	moutonSurHerbe=0%	{Broute=2, Cherche partenaire=5}
34	WINTER	0	4	0	0	Em=245	El=0	herbe=69%	moutonSurHerbe=0%	{Broute=1, Cherche herbe=2, Regroupement=1}
35	WINTER	0	4	0	0	Em=225	El=0	herbe=70%	moutonSurHerbe=0%	{Cherche herbe=3, Regroupement=1}
36	SPRING	0	3	0	0	Em=247	El=0	herbe=70%	moutonSurHerbe=0%	{Errance=1, Regroupement=2}
# --- BILAN ---
# loups   min=0  EXTINCT à un moment
# moutons min=3  jamais éteint
  [rut MOUTON] j6 : 11 moutons
  [rut LOUP]   j9 : 0 loups
  [rut MOUTON] j18 : 6 moutons
  [rut LOUP]   j21 : 0 loups
  [rut MOUTON] j30 : 10 moutons
  [rut LOUP]   j33 : 0 loups
