Map : 5-587-7383-188331-1828628963, persistence : 1.0, octave : 3.0, fact : 0.08, periods : (8,8)
# dim=100 saison=3j an=57600 ticks | loups=0 moutons=20 ours=0 humains=0
# loupAge=15 moutonAge=24 loupE=1500 moutonE=1500
day	season	loups	moutons	ours	humains
0	SPRING	0	20	0	0	Em=1500	El=0	herbe=40%	moutonSurHerbe=35%	{Errance=20}
1	SPRING	0	19	0	0	Em=1050	El=0	herbe=56%	moutonSurHerbe=5%	{Broute=1, Errance=1, Regroupement=17}
2	SPRING	0	18	0	0	Em=1074	El=0	herbe=54%	moutonSurHerbe=6%	{Broute=3, Cherche herbe=1, Errance=1, Regroupement=13}
3	SUMMER	0	18	0	0	Em=1007	El=0	herbe=54%	moutonSurHerbe=6%	{Cherche herbe=2, Errance=1, Regroupement=15}
4	SUMMER	0	16	0	0	Em=986	El=0	herbe=50%	moutonSurHerbe=0%	{Broute=1, Cherche herbe=3, Errance=1, Regroupement=11}
5	SUMMER	0	16	0	0	Em=957	El=0	herbe=55%	moutonSurHerbe=6%	{Broute=1, Cherche herbe=4, Errance=1, Regroupement=10}
6	AUTUMN	0	16	0	0	Em=938	El=0	herbe=55%	moutonSurHerbe=0%	{Broute=2, Cherche herbe=2, Regroupement=12}
7	AUTUMN	0	22	0	0	Em=558	El=0	herbe=40%	moutonSurHerbe=0%	{Broute=3, Cherche herbe=8, Cherche partenaire=6, Errance=4, Regroupement=1}
8	AUTUMN	0	21	0	0	Em=587	El=0	herbe=27%	moutonSurHerbe=0%	{Broute=3, Cherche herbe=3, Cherche partenaire=7, Cherche terre=1, Errance=5, Regroupement=2}
9	WINTER	0	24	0	0	Em=493	El=0	herbe=25%	moutonSurHerbe=4%	{Broute=5, Cherche herbe=5, Cherche partenaire=5, Errance=6, Regroupement=3}
10	WINTER	0	16	0	0	Em=587	El=0	herbe=16%	moutonSurHerbe=0%	{Broute=1, Cherche herbe=9, Errance=3, Regroupement=3}
11	WINTER	0	12	0	0	Em=584	El=0	herbe=19%	moutonSurHerbe=0%	{Cherche herbe=10, Errance=1, Regroupement=1}
12	SPRING	0	6	0	0	Em=840	El=0	herbe=23%	moutonSurHerbe=0%	{Cherche herbe=2, Errance=1, Regroupement=3}
13	SPRING	0	6	0	0	Em=1089	El=0	herbe=48%	moutonSurHerbe=0%	{Errance=2, Regroupement=4}
14	SPRING	0	6	0	0	Em=1067	El=0	herbe=56%	moutonSurHerbe=0%	{Broute=1, Errance=1, Regroupement=4}
15	SUMMER	0	6	0	0	Em=1057	El=0	herbe=60%	moutonSurHerbe=17%	{Broute=1, Errance=3, Regroupement=2}
16	SUMMER	0	5	0	0	Em=989	El=0	herbe=51%	moutonSurHerbe=0%	{Broute=1, Errance=2, Regroupement=2}
17	SUMMER	0	5	0	0	Em=885	El=0	herbe=59%	moutonSurHerbe=0%	{Cherche herbe=1, Errance=2, Regroupement=2}
18	AUTUMN	0	5	0	0	Em=1075	El=0	herbe=52%	moutonSurHerbe=0%	{Errance=2, Regroupement=3}
19	AUTUMN	0	21	0	0	Em=319	El=0	herbe=34%	moutonSurHerbe=0%	{Broute=8, Cherche herbe=5, Cherche partenaire=1, Errance=5, Regroupement=2}
20	AUTUMN	0	18	0	0	Em=321	El=0	herbe=23%	moutonSurHerbe=0%	{Broute=4, Cherche herbe=7, Errance=6, Regroupement=1}
21	WINTER	0	13	0	0	Em=252	El=0	herbe=23%	moutonSurHerbe=0%	{Broute=2, Cherche herbe=6, Cherche partenaire=1, Errance=4}
22	WINTER	0	6	0	0	Em=298	El=0	herbe=18%	moutonSurHerbe=0%	{Broute=1, Cherche herbe=4, Regroupement=1}
23	WINTER	0	3	0	0	Em=698	El=0	herbe=20%	moutonSurHerbe=0%	{Broute=1, Cherche herbe=1, Errance=1}
24	SPRING	0	3	0	0	Em=670	El=0	herbe=29%	moutonSurHerbe=0%	{Cherche herbe=1, Errance=2}
# --- BILAN ---
# loups   min=0  EXTINCT à un moment
# moutons min=3  jamais éteint
  [rut MOUTON] j6 : 16 moutons
  [rut LOUP]   j9 : 0 loups
  [rut MOUTON] j18 : 5 moutons
  [rut LOUP]   j21 : 0 loups
