Map : 22-481-5630-101888-453484168, persistence : 1.0, octave : 3.0, fact : 0.05333333333333334, periods : (8,8)
# dim=150 saison=3j an=57600 ticks | loups=0 moutons=28 ours=0 humains=0
# loupAge=15 moutonAge=24 loupE=1500 moutonE=1500
day	season	loups	moutons	ours	humains
0	SPRING	0	28	0	0	Em=1500	El=0	herbe=41%	moutonSurHerbe=25%	{Errance=28}
1	SPRING	0	28	0	0	Em=1113	El=0	herbe=60%	moutonSurHerbe=18%	{Broute=3, Regroupement=25}
2	SPRING	0	28	0	0	Em=1092	El=0	herbe=63%	moutonSurHerbe=14%	{Broute=3, Regroupement=25}
3	SUMMER	0	28	0	0	Em=1068	El=0	herbe=65%	moutonSurHerbe=14%	{Broute=2, Errance=1, Regroupement=25}
4	SUMMER	0	28	0	0	Em=1060	El=0	herbe=65%	moutonSurHerbe=11%	{Cherche herbe=1, Regroupement=27}
5	SUMMER	0	28	0	0	Em=982	El=0	herbe=66%	moutonSurHerbe=4%	{Broute=1, Cherche herbe=4, Regroupement=23}
6	AUTUMN	0	28	0	0	Em=990	El=0	herbe=64%	moutonSurHerbe=4%	{Broute=2, Cherche herbe=4, Regroupement=22}
7	AUTUMN	0	24	0	0	Em=819	El=0	herbe=59%	moutonSurHerbe=0%	{Broute=1, Cherche herbe=3, Cherche partenaire=19, Cherche terre=1}
8	AUTUMN	0	23	0	0	Em=938	El=0	herbe=56%	moutonSurHerbe=13%	{Broute=2, Cherche partenaire=17, Cherche terre=2, Errance=2}
9	WINTER	0	23	0	0	Em=751	El=0	herbe=53%	moutonSurHerbe=9%	{Broute=1, Cherche herbe=2, Cherche partenaire=15, Errance=5}
10	WINTER	0	18	0	0	Em=934	El=0	herbe=43%	moutonSurHerbe=0%	{Cherche herbe=4, Errance=2, Regroupement=12}
11	WINTER	0	14	0	0	Em=1044	El=0	herbe=42%	moutonSurHerbe=0%	{Errance=1, Regroupement=13}
12	SPRING	0	11	0	0	Em=1039	El=0	herbe=37%	moutonSurHerbe=0%	{Broute=1, Regroupement=10}
13	SPRING	0	11	0	0	Em=1079	El=0	herbe=58%	moutonSurHerbe=9%	{Regroupement=11}
14	SPRING	0	11	0	0	Em=1014	El=0	herbe=57%	moutonSurHerbe=9%	{Broute=1, Cherche herbe=1, Regroupement=9}
15	SUMMER	0	11	0	0	Em=1058	El=0	herbe=65%	moutonSurHerbe=18%	{Cherche herbe=1, Regroupement=10}
16	SUMMER	0	11	0	0	Em=1090	El=0	herbe=67%	moutonSurHerbe=9%	{Broute=3, Regroupement=8}
17	SUMMER	0	11	0	0	Em=989	El=0	herbe=64%	moutonSurHerbe=0%	{Regroupement=11}
18	AUTUMN	0	11	0	0	Em=1036	El=0	herbe=64%	moutonSurHerbe=18%	{Broute=1, Regroupement=10}
19	AUTUMN	0	23	0	0	Em=491	El=0	herbe=60%	moutonSurHerbe=0%	{Broute=2, Cherche herbe=1, Cherche partenaire=11, Errance=8, Regroupement=1}
20	AUTUMN	0	21	0	0	Em=361	El=0	herbe=54%	moutonSurHerbe=0%	{Broute=2, Cherche herbe=3, Cherche partenaire=6, Errance=9, Regroupement=1}
21	WINTER	0	20	0	0	Em=267	El=0	herbe=49%	moutonSurHerbe=0%	{Broute=7, Cherche herbe=5, Cherche partenaire=1, Cherche terre=1, Errance=4, Regroupement=2}
22	WINTER	0	15	0	0	Em=378	El=0	herbe=46%	moutonSurHerbe=0%	{Broute=4, Cherche herbe=7, Errance=1, Regroupement=3}
23	WINTER	0	10	0	0	Em=648	El=0	herbe=40%	moutonSurHerbe=0%	{Broute=4, Cherche herbe=1, Errance=2, Regroupement=3}
24	SPRING	0	10	0	0	Em=662	El=0	herbe=41%	moutonSurHerbe=0%	{Broute=1, Cherche herbe=4, Regroupement=5}
25	SPRING	0	4	0	0	Em=228	El=0	herbe=59%	moutonSurHerbe=0%	{Broute=3, Cherche herbe=1}
26	SPRING	0	4	0	0	Em=243	El=0	herbe=61%	moutonSurHerbe=0%	{Errance=1, Regroupement=3}
27	SUMMER	0	3	0	0	Em=239	El=0	herbe=66%	moutonSurHerbe=0%	{Broute=1, Cherche herbe=2}
28	SUMMER	0	3	0	0	Em=284	El=0	herbe=66%	moutonSurHerbe=33%	{Broute=1, Errance=2}
29	SUMMER	0	3	0	0	Em=219	El=0	herbe=63%	moutonSurHerbe=0%	{Cherche herbe=2, Regroupement=1}
30	AUTUMN	0	3	0	0	Em=268	El=0	herbe=65%	moutonSurHerbe=0%	{Broute=1, Errance=1, Regroupement=1}
# --- BILAN ---
# loups   min=0  EXTINCT à un moment
# moutons min=3  jamais éteint
  [rut MOUTON] j6 : 28 moutons
  [rut LOUP]   j9 : 0 loups
  [rut MOUTON] j18 : 11 moutons
  [rut LOUP]   j21 : 0 loups
  [rut MOUTON] j30 : 3 moutons
