Map : 26-287-2935-803143-1911399056, persistence : 1.0, octave : 3.0, fact : 0.08, periods : (8,8)
# dim=100 saison=3j an=57600 ticks | loups=0 moutons=0 ours=0 humains=0
# loupAge=15 moutonAge=8 loupE=1500 moutonE=1500
day	season	loups	moutons	ours	humains
0	SPRING	0	0	0	0	Em=0	El=0	herbe=39%	moutonSurHerbe=0%
1	SPRING	0	0	0	0	Em=0	El=0	herbe=40%	moutonSurHerbe=0%
2	SPRING	0	0	0	0	Em=0	El=0	herbe=41%	moutonSurHerbe=0%
3	SUMMER	0	0	0	0	Em=0	El=0	herbe=41%	moutonSurHerbe=0%
4	SUMMER	0	0	0	0	Em=0	El=0	herbe=41%	moutonSurHerbe=0%
5	SUMMER	0	0	0	0	Em=0	El=0	herbe=41%	moutonSurHerbe=0%
6	AUTUMN	0	0	0	0	Em=0	El=0	herbe=41%	moutonSurHerbe=0%
7	AUTUMN	0	0	0	0	Em=0	El=0	herbe=40%	moutonSurHerbe=0%
8	AUTUMN	0	0	0	0	Em=0	El=0	herbe=31%	moutonSurHerbe=0%
9	WINTER	0	0	0	0	Em=0	El=0	herbe=23%	moutonSurHerbe=0%
10	WINTER	0	0	0	0	Em=0	El=0	herbe=21%	moutonSurHerbe=0%
11	WINTER	0	0	0	0	Em=0	El=0	herbe=21%	moutonSurHerbe=0%
12	SPRING	0	0	0	0	Em=0	El=0	herbe=18%	moutonSurHerbe=0%
13	SPRING	0	0	0	0	Em=0	El=0	herbe=20%	moutonSurHerbe=0%
14	SPRING	0	0	0	0	Em=0	El=0	herbe=21%	moutonSurHerbe=0%
15	SUMMER	0	0	0	0	Em=0	El=0	herbe=19%	moutonSurHerbe=0%
16	SUMMER	0	0	0	0	Em=0	El=0	herbe=19%	moutonSurHerbe=0%
17	SUMMER	0	0	0	0	Em=0	El=0	herbe=20%	moutonSurHerbe=0%
18	AUTUMN	0	0	0	0	Em=0	El=0	herbe=18%	moutonSurHerbe=0%
19	AUTUMN	0	0	0	0	Em=0	El=0	herbe=17%	moutonSurHerbe=0%
20	AUTUMN	0	0	0	0	Em=0	El=0	herbe=17%	moutonSurHerbe=0%
21	WINTER	0	0	0	0	Em=0	El=0	herbe=16%	moutonSurHerbe=0%
22	WINTER	0	0	0	0	Em=0	El=0	herbe=15%	moutonSurHerbe=0%
23	WINTER	0	0	0	0	Em=0	El=0	herbe=15%	moutonSurHerbe=0%
24	SPRING	0	0	0	0	Em=0	El=0	herbe=15%	moutonSurHerbe=0%
# --- BILAN ---
# loups   min=0  EXTINCT à un moment
# moutons min=0  EXTINCT à un moment
  [rut MOUTON] j6 : 0 moutons
  [rut LOUP]   j9 : 0 loups
  [rut MOUTON] j18 : 0 moutons
  [rut LOUP]   j21 : 0 loups
