Map : 3-291-1467-721472-934578887, persistence : 1.0, octave : 3.0, fact : 0.1, periods : (8,8)
# dim=80 saison=3j an=57600 ticks | loups=3 moutons=110 ours=0 humains=0
# loupAge=30 moutonAge=30 loupE=1500 moutonE=1500
day	season	loups	moutons	ours	humains
0	SPRING	3	110	0	0	Em=1500	El=1500	herbe=48%	brinsMoy=3.86	moutonSurHerbe=35%	{Errance=110}
1	SPRING	3	107	0	0	Em=1124	El=1271	herbe=85%	brinsMoy=3.87	moutonSurHerbe=74%	{Broute=7, Cherche terre=8, Fuit loup=2, Regroupement=90}
2	SPRING	3	104	0	0	Em=1146	El=1060	herbe=85%	brinsMoy=3.88	moutonSurHerbe=91%	{Broute=5, Cherche terre=4, Fuit loup=27, Regroupement=68}
3	SUMMER	3	100	0	0	Em=1143	El=1299	herbe=85%	brinsMoy=3.88	moutonSurHerbe=86%	{Broute=2, Cherche terre=2, Errance=2, Regroupement=94}
4	SUMMER	3	96	0	0	Em=1142	El=1073	herbe=85%	brinsMoy=3.58	moutonSurHerbe=89%	{Broute=2, Cherche terre=1, Regroupement=93}
5	SUMMER	3	93	0	0	Em=1116	El=799	herbe=85%	brinsMoy=3.59	moutonSurHerbe=47%	{Broute=1, Cherche terre=7, Fuit loup=34, Regroupement=51}
6	AUTUMN	3	89	0	0	Em=1149	El=1105	herbe=85%	brinsMoy=3.59	moutonSurHerbe=81%	{Broute=1, Cherche terre=1, Regroupement=87}
7	AUTUMN	3	70	0	0	Em=1019	El=833	herbe=84%	brinsMoy=2.31	moutonSurHerbe=44%	{Broute=1, Cherche herbe=2, Cherche partenaire=30, Cherche terre=12, Fuit loup=22, Regroupement=3}
8	AUTUMN	3	56	0	0	Em=1060	El=1196	herbe=84%	brinsMoy=2.32	moutonSurHerbe=63%	{Broute=5, Cherche partenaire=36, Cherche terre=3, Fuit loup=9, Regroupement=3}
9	WINTER	3	52	0	0	Em=1123	El=1093	herbe=84%	brinsMoy=2.32	moutonSurHerbe=71%	{Broute=4, Cherche partenaire=39, Cherche terre=1, Fuit loup=5, Regroupement=3}
10	WINTER	3	49	0	0	Em=1155	El=415	herbe=84%	brinsMoy=0.99	moutonSurHerbe=92%	{Errance=1, Regroupement=48}
11	WINTER	2	34	0	0	Em=1140	El=240	herbe=83%	brinsMoy=0.99	moutonSurHerbe=74%	{Cherche terre=1, Fuit loup=8, Regroupement=25}
12	SPRING	2	30	0	0	Em=1143	El=441	herbe=84%	brinsMoy=0.99	moutonSurHerbe=97%	{Broute=1, Fuit loup=2, Regroupement=27}
13	SPRING	2	25	0	0	Em=1157	El=421	herbe=84%	brinsMoy=3.92	moutonSurHerbe=92%	{Broute=1, Regroupement=24}
14	SPRING	0	23	0	0	Em=1153	El=0	herbe=84%	brinsMoy=3.92	moutonSurHerbe=78%	{Broute=1, Regroupement=22}
15	SUMMER	0	23	0	0	Em=1152	El=0	herbe=84%	brinsMoy=3.93	moutonSurHerbe=100%	{Broute=2, Regroupement=21}
16	SUMMER	0	23	0	0	Em=1159	El=0	herbe=84%	brinsMoy=3.63	moutonSurHerbe=100%	{Broute=1, Regroupement=22}
17	SUMMER	0	23	0	0	Em=1151	El=0	herbe=84%	brinsMoy=3.63	moutonSurHerbe=100%	{Regroupement=23}
18	AUTUMN	0	23	0	0	Em=1149	El=0	herbe=84%	brinsMoy=3.63	moutonSurHerbe=100%	{Regroupement=23}
19	AUTUMN	0	22	0	0	Em=1068	El=0	herbe=83%	brinsMoy=2.34	moutonSurHerbe=45%	{Cherche partenaire=18, Cherche terre=3, Regroupement=1}
20	AUTUMN	0	21	0	0	Em=1082	El=0	herbe=82%	brinsMoy=2.32	moutonSurHerbe=38%	{Cherche partenaire=15, Cherche terre=5, Regroupement=1}
21	WINTER	0	23	0	0	Em=817	El=0	herbe=82%	brinsMoy=2.34	moutonSurHerbe=4%	{Broute=1, Cherche partenaire=6, Cherche terre=12, Errance=2, Regroupement=2}
22	WINTER	0	17	0	0	Em=1012	El=0	herbe=83%	brinsMoy=1.00	moutonSurHerbe=47%	{Broute=1, Regroupement=16}
23	WINTER	0	17	0	0	Em=1003	El=0	herbe=83%	brinsMoy=1.00	moutonSurHerbe=59%	{Regroupement=17}
24	SPRING	0	17	0	0	Em=1011	El=0	herbe=83%	brinsMoy=1.00	moutonSurHerbe=59%	{Broute=1, Regroupement=16}
25	SPRING	0	17	0	0	Em=1011	El=0	herbe=83%	brinsMoy=3.94	moutonSurHerbe=76%	{Broute=1, Regroupement=16}
26	SPRING	0	17	0	0	Em=1008	El=0	herbe=83%	brinsMoy=3.94	moutonSurHerbe=71%	{Broute=1, Regroupement=16}
27	SUMMER	0	17	0	0	Em=1008	El=0	herbe=83%	brinsMoy=3.94	moutonSurHerbe=59%	{Regroupement=17}
28	SUMMER	0	17	0	0	Em=1007	El=0	herbe=83%	brinsMoy=3.64	moutonSurHerbe=65%	{Regroupement=17}
29	SUMMER	0	17	0	0	Em=1002	El=0	herbe=83%	brinsMoy=3.64	moutonSurHerbe=59%	{Regroupement=17}
30	AUTUMN	0	17	0	0	Em=1011	El=0	herbe=83%	brinsMoy=3.64	moutonSurHerbe=71%	{Broute=1, Regroupement=16}
31	AUTUMN	0	2	0	0	Em=277	El=0	herbe=83%	brinsMoy=2.34	moutonSurHerbe=0%	{Cherche partenaire=1, Regroupement=1}
32	AUTUMN	0	2	0	0	Em=324	El=0	herbe=83%	brinsMoy=2.34	moutonSurHerbe=0%	{Cherche partenaire=1, Regroupement=1}
33	WINTER	0	2	0	0	Em=214	El=0	herbe=83%	brinsMoy=2.34	moutonSurHerbe=0%	{Cherche partenaire=1, Regroupement=1}
34	WINTER	0	2	0	0	Em=284	El=0	herbe=83%	brinsMoy=1.00	moutonSurHerbe=0%	{Regroupement=2}
35	WINTER	0	2	0	0	Em=273	El=0	herbe=82%	brinsMoy=1.00	moutonSurHerbe=0%	{Regroupement=2}
36	SPRING	0	0	0	0	Em=0	El=0	herbe=83%	brinsMoy=1.00	moutonSurHerbe=0%	{}
# EXTINCTION TOTALE jour 36
# --- BILAN ---
# loups   min=0  EXTINCT à un moment
# moutons min=0  EXTINCT à un moment
  [rut MOUTON] j6 : 89 moutons
  [rut LOUP]   j9 : 3 loups
  [rut MOUTON] j18 : 23 moutons
  [rut LOUP]   j21 : 0 loups
  [rut MOUTON] j30 : 17 moutons
  [rut LOUP]   j33 : 0 loups
