Map : 10-713-10187-612174-1662463135, persistence : 1.0, octave : 3.0, fact : 0.1, periods : (8,8)
# dim=80 saison=3j an=57600 ticks | loups=2 moutons=100 ours=0 humains=0
# loupAge=30 moutonAge=30 loupE=1500 moutonE=1500
day	season	loups	moutons	ours	humains
0	SPRING	2	100	0	0	Em=1500	El=1500	herbe=46%	brinsMoy=3.89	moutonSurHerbe=36%	{Errance=100}
1	SPRING	2	97	0	0	Em=1136	El=1279	herbe=82%	brinsMoy=3.91	moutonSurHerbe=89%	{Broute=1, Cherche terre=4, Errance=1, Regroupement=91}
2	SPRING	2	91	0	0	Em=1126	El=1251	herbe=82%	brinsMoy=3.92	moutonSurHerbe=60%	{Cherche terre=2, Fuit loup=34, Regroupement=55}
3	SUMMER	2	87	0	0	Em=1132	El=992	herbe=82%	brinsMoy=3.91	moutonSurHerbe=79%	{Broute=3, Cherche terre=3, Fuit loup=1, Regroupement=80}
4	SUMMER	2	83	0	0	Em=1133	El=812	herbe=82%	brinsMoy=3.62	moutonSurHerbe=69%	{Broute=3, Cherche herbe=2, Cherche terre=10, Fuit loup=6, Regroupement=62}
5	SUMMER	2	77	0	0	Em=1118	El=1155	herbe=82%	brinsMoy=3.63	moutonSurHerbe=84%	{Cherche terre=4, Errance=1, Fuit loup=1, Regroupement=71}
6	AUTUMN	1	73	0	0	Em=1124	El=1458	herbe=81%	brinsMoy=3.62	moutonSurHerbe=75%	{Cherche herbe=1, Cherche terre=6, Regroupement=66}
7	AUTUMN	1	70	0	0	Em=1150	El=1045	herbe=82%	brinsMoy=2.33	moutonSurHerbe=80%	{Broute=1, Cherche partenaire=55, Cherche terre=3, Fuit loup=3, Regroupement=8}
8	AUTUMN	1	67	0	0	Em=1109	El=1040	herbe=82%	brinsMoy=2.33	moutonSurHerbe=55%	{Broute=4, Cherche herbe=1, Cherche partenaire=34, Cherche terre=12, Fuit loup=6, Méfiance=1, Regroupement=9}
9	WINTER	1	60	0	0	Em=1117	El=1230	herbe=82%	brinsMoy=2.33	moutonSurHerbe=80%	{Broute=1, Cherche partenaire=43, Cherche terre=5, Errance=2, Regroupement=9}
10	WINTER	1	51	0	0	Em=1126	El=1438	herbe=81%	brinsMoy=0.99	moutonSurHerbe=69%	{Broute=2, Cherche terre=2, Fuit loup=1, Regroupement=46}
11	WINTER	1	45	0	0	Em=1134	El=1227	herbe=81%	brinsMoy=1.00	moutonSurHerbe=82%	{Broute=1, Cherche terre=2, Errance=1, Regroupement=41}
12	SPRING	1	33	0	0	Em=1120	El=1267	herbe=81%	brinsMoy=1.00	moutonSurHerbe=76%	{Broute=3, Cherche terre=1, Errance=1, Fuit loup=1, Regroupement=27}
13	SPRING	1	26	0	0	Em=1156	El=1406	herbe=81%	brinsMoy=3.97	moutonSurHerbe=100%	{Errance=1, Regroupement=25}
14	SPRING	1	25	0	0	Em=1117	El=1325	herbe=81%	brinsMoy=3.98	moutonSurHerbe=48%	{Errance=2, Fuit loup=13, Regroupement=10}
15	SUMMER	1	23	0	0	Em=1149	El=1188	herbe=81%	brinsMoy=3.98	moutonSurHerbe=87%	{Fuit loup=4, Regroupement=19}
16	SUMMER	1	22	0	0	Em=1137	El=1232	herbe=81%	brinsMoy=3.68	moutonSurHerbe=68%	{Cherche terre=2, Errance=2, Regroupement=18}
17	SUMMER	1	21	0	0	Em=1079	El=1086	herbe=81%	brinsMoy=3.68	moutonSurHerbe=76%	{Broute=1, Cherche herbe=1, Cherche terre=1, Errance=1, Fuit loup=1, Regroupement=16}
18	AUTUMN	0	21	0	0	Em=1153	El=0	herbe=81%	brinsMoy=3.68	moutonSurHerbe=81%	{Cherche terre=1, Errance=1, Regroupement=19}
19	AUTUMN	0	21	0	0	Em=1124	El=0	herbe=81%	brinsMoy=2.36	moutonSurHerbe=62%	{Cherche partenaire=17, Cherche terre=2, Regroupement=2}
20	AUTUMN	0	25	0	0	Em=869	El=0	herbe=81%	brinsMoy=2.36	moutonSurHerbe=4%	{Cherche partenaire=7, Cherche terre=10, Errance=4, Regroupement=4}
21	WINTER	0	24	0	0	Em=750	El=0	herbe=81%	brinsMoy=2.36	moutonSurHerbe=33%	{Cherche partenaire=10, Cherche terre=4, Errance=6, Regroupement=4}
22	WINTER	0	22	0	0	Em=809	El=0	herbe=81%	brinsMoy=1.00	moutonSurHerbe=64%	{Broute=1, Errance=5, Regroupement=16}
23	WINTER	0	22	0	0	Em=688	El=0	herbe=79%	brinsMoy=1.00	moutonSurHerbe=36%	{Broute=2, Cherche herbe=1, Cherche terre=3, Fuit feu=1, Regroupement=15}
24	SPRING	0	20	0	0	Em=827	El=0	herbe=81%	brinsMoy=1.00	moutonSurHerbe=85%	{Errance=1, Regroupement=19}
25	SPRING	0	20	0	0	Em=821	El=0	herbe=81%	brinsMoy=3.98	moutonSurHerbe=75%	{Regroupement=20}
26	SPRING	0	20	0	0	Em=825	El=0	herbe=81%	brinsMoy=3.98	moutonSurHerbe=100%	{Regroupement=20}
27	SUMMER	0	20	0	0	Em=816	El=0	herbe=81%	brinsMoy=3.98	moutonSurHerbe=60%	{Regroupement=20}
28	SUMMER	0	20	0	0	Em=821	El=0	herbe=81%	brinsMoy=3.68	moutonSurHerbe=85%	{Regroupement=20}
29	SUMMER	0	20	0	0	Em=821	El=0	herbe=81%	brinsMoy=3.68	moutonSurHerbe=70%	{Broute=1, Regroupement=19}
30	AUTUMN	0	20	0	0	Em=819	El=0	herbe=80%	brinsMoy=3.67	moutonSurHerbe=85%	{Regroupement=20}
31	AUTUMN	0	8	0	0	Em=330	El=0	herbe=81%	brinsMoy=2.37	moutonSurHerbe=75%	{Broute=1, Cherche partenaire=6, Regroupement=1}
32	AUTUMN	0	8	0	0	Em=295	El=0	herbe=81%	brinsMoy=2.36	moutonSurHerbe=0%	{Cherche partenaire=5, Cherche terre=3}
33	WINTER	0	8	0	0	Em=290	El=0	herbe=81%	brinsMoy=2.36	moutonSurHerbe=13%	{Cherche partenaire=5, Cherche terre=2, Errance=1}
34	WINTER	0	8	0	0	Em=324	El=0	herbe=81%	brinsMoy=1.00	moutonSurHerbe=100%	{Regroupement=8}
35	WINTER	0	8	0	0	Em=332	El=0	herbe=81%	brinsMoy=1.00	moutonSurHerbe=100%	{Regroupement=8}
36	SPRING	0	8	0	0	Em=323	El=0	herbe=81%	brinsMoy=1.00	moutonSurHerbe=63%	{Regroupement=8}
37	SPRING	0	4	0	0	Em=319	El=0	herbe=81%	brinsMoy=3.98	moutonSurHerbe=50%	{Regroupement=4}
38	SPRING	0	4	0	0	Em=330	El=0	herbe=81%	brinsMoy=3.98	moutonSurHerbe=75%	{Regroupement=4}
39	SUMMER	0	4	0	0	Em=328	El=0	herbe=81%	brinsMoy=3.98	moutonSurHerbe=100%	{Regroupement=4}
40	SUMMER	0	4	0	0	Em=325	El=0	herbe=81%	brinsMoy=3.68	moutonSurHerbe=100%	{Regroupement=4}
41	SUMMER	0	4	0	0	Em=346	El=0	herbe=81%	brinsMoy=3.68	moutonSurHerbe=25%	{Regroupement=4}
42	AUTUMN	0	4	0	0	Em=304	El=0	herbe=81%	brinsMoy=3.68	moutonSurHerbe=0%	{Regroupement=4}
43	AUTUMN	0	2	0	0	Em=307	El=0	herbe=81%	brinsMoy=2.36	moutonSurHerbe=0%	{Cherche partenaire=2}
44	AUTUMN	0	2	0	0	Em=174	El=0	herbe=80%	brinsMoy=2.36	moutonSurHerbe=0%	{Cherche partenaire=1, Cherche terre=1}
45	WINTER	0	2	0	0	Em=297	El=0	herbe=81%	brinsMoy=2.36	moutonSurHerbe=0%	{Cherche partenaire=2}
46	WINTER	0	2	0	0	Em=345	El=0	herbe=81%	brinsMoy=1.00	moutonSurHerbe=100%	{Regroupement=2}
47	WINTER	0	2	0	0	Em=317	El=0	herbe=77%	brinsMoy=1.00	moutonSurHerbe=100%	{Regroupement=2}
48	SPRING	0	2	0	0	Em=306	El=0	herbe=81%	brinsMoy=1.00	moutonSurHerbe=100%	{Regroupement=2}
49	SPRING	0	2	0	0	Em=332	El=0	herbe=81%	brinsMoy=3.98	moutonSurHerbe=100%	{Regroupement=2}
50	SPRING	0	2	0	0	Em=346	El=0	herbe=81%	brinsMoy=3.98	moutonSurHerbe=100%	{Broute=1, Regroupement=1}
51	SUMMER	0	2	0	0	Em=333	El=0	herbe=76%	brinsMoy=3.92	moutonSurHerbe=100%	{Regroupement=2}
52	SUMMER	0	2	0	0	Em=345	El=0	herbe=81%	brinsMoy=3.68	moutonSurHerbe=50%	{Regroupement=2}
53	SUMMER	0	2	0	0	Em=308	El=0	herbe=81%	brinsMoy=3.68	moutonSurHerbe=100%	{Regroupement=2}
54	AUTUMN	0	2	0	0	Em=347	El=0	herbe=81%	brinsMoy=3.68	moutonSurHerbe=100%	{Regroupement=2}
55	AUTUMN	0	2	0	0	Em=342	El=0	herbe=81%	brinsMoy=2.36	moutonSurHerbe=50%	{Cherche partenaire=1, Errance=1}
56	AUTUMN	0	1	0	0	Em=340	El=0	herbe=81%	brinsMoy=2.36	moutonSurHerbe=100%	{Errance=1}
57	WINTER	0	1	0	0	Em=319	El=0	herbe=81%	brinsMoy=2.36	moutonSurHerbe=100%	{Errance=1}
58	WINTER	0	1	0	0	Em=318	El=0	herbe=80%	brinsMoy=1.00	moutonSurHerbe=0%	{Errance=1}
59	WINTER	0	1	0	0	Em=301	El=0	herbe=81%	brinsMoy=1.00	moutonSurHerbe=100%	{Errance=1}
60	SPRING	0	1	0	0	Em=340	El=0	herbe=81%	brinsMoy=1.00	moutonSurHerbe=100%	{Errance=1}
61	SPRING	0	0	0	0	Em=0	El=0	herbe=81%	brinsMoy=3.98	moutonSurHerbe=0%	{}
# EXTINCTION TOTALE jour 61
# --- BILAN ---
# loups   min=0  EXTINCT à un moment
# moutons min=0  EXTINCT à un moment
  [rut MOUTON] j6 : 73 moutons
  [rut LOUP]   j9 : 1 loups
  [rut MOUTON] j18 : 21 moutons
  [rut LOUP]   j21 : 0 loups
  [rut MOUTON] j30 : 20 moutons
  [rut LOUP]   j33 : 0 loups
  [rut MOUTON] j42 : 4 moutons
  [rut LOUP]   j45 : 0 loups
  [rut MOUTON] j54 : 2 moutons
  [rut LOUP]   j57 : 0 loups
