Map : 3-204-9605-376774-503560073, persistence : 1.0, octave : 3.0, fact : 0.08, periods : (8,8)
# dim=100 saison=3j an=57600 ticks | loups=0 moutons=20 ours=0 humains=0
# loupAge=15 moutonAge=1000 loupE=1500 moutonE=2500
day	season	loups	moutons	ours	humains
0	SPRING	0	20	0	0	Em=2500	El=0	herbe=41%	moutonSurHerbe=40%	{Errance=20}
1	SPRING	0	15	0	0	Em=1942	El=0	herbe=60%	moutonSurHerbe=53%	{Errance=1, Fuit feu=1, Regroupement=13}
2	SPRING	0	14	0	0	Em=1836	El=0	herbe=67%	moutonSurHerbe=21%	{Errance=1, Regroupement=13}
3	SUMMER	0	14	0	0	Em=1771	El=0	herbe=69%	moutonSurHerbe=21%	{Errance=1, Regroupement=13}
4	SUMMER	0	11	0	0	Em=1848	El=0	herbe=69%	moutonSurHerbe=18%	{Errance=1, Regroupement=10}
5	SUMMER	0	11	0	0	Em=1838	El=0	herbe=68%	moutonSurHerbe=9%	{Broute=2, Errance=1, Regroupement=8}
6	AUTUMN	0	11	0	0	Em=1756	El=0	herbe=69%	moutonSurHerbe=9%	{Broute=1, Errance=1, Regroupement=9}
7	AUTUMN	0	30	0	0	Em=823	El=0	herbe=50%	moutonSurHerbe=3%	{Broute=3, Cherche herbe=2, Cherche partenaire=9, Errance=13, Regroupement=3}
8	AUTUMN	0	23	0	0	Em=903	El=0	herbe=43%	moutonSurHerbe=13%	{Broute=6, Cherche herbe=4, Cherche partenaire=9, Errance=3, Regroupement=1}
9	WINTER	0	22	0	0	Em=962	El=0	herbe=42%	moutonSurHerbe=14%	{Broute=6, Cherche herbe=4, Cherche partenaire=10, Errance=1, Regroupement=1}
10	WINTER	0	14	0	0	Em=870	El=0	herbe=37%	moutonSurHerbe=0%	{Broute=6, Cherche herbe=2, Errance=1, Regroupement=5}
11	WINTER	0	10	0	0	Em=957	El=0	herbe=35%	moutonSurHerbe=0%	{Broute=2, Cherche herbe=1, Errance=1, Regroupement=6}
12	SPRING	0	8	0	0	Em=1131	El=0	herbe=32%	moutonSurHerbe=0%	{Broute=1, Cherche herbe=1, Errance=1, Regroupement=5}
13	SPRING	0	8	0	0	Em=1105	El=0	herbe=52%	moutonSurHerbe=0%	{Broute=1, Cherche herbe=1, Regroupement=6}
14	SPRING	0	8	0	0	Em=1095	El=0	herbe=63%	moutonSurHerbe=0%	{Broute=1, Cherche herbe=1, Regroupement=6}
15	SUMMER	0	8	0	0	Em=1171	El=0	herbe=65%	moutonSurHerbe=0%	{Broute=1, Regroupement=7}
16	SUMMER	0	8	0	0	Em=1263	El=0	herbe=67%	moutonSurHerbe=0%	{Cherche herbe=2, Regroupement=6}
17	SUMMER	0	8	0	0	Em=1150	El=0	herbe=67%	moutonSurHerbe=0%	{Regroupement=8}
18	AUTUMN	0	8	0	0	Em=1214	El=0	herbe=64%	moutonSurHerbe=0%	{Cherche herbe=1, Errance=1, Regroupement=6}
19	AUTUMN	0	21	0	0	Em=614	El=0	herbe=51%	moutonSurHerbe=14%	{Broute=8, Cherche herbe=2, Cherche partenaire=5, Errance=5, Regroupement=1}
20	AUTUMN	0	22	0	0	Em=394	El=0	herbe=39%	moutonSurHerbe=0%	{Broute=8, Cherche herbe=3, Cherche partenaire=1, Errance=3, Fuit feu=1, Regroupement=6}
21	WINTER	0	20	0	0	Em=372	El=0	herbe=35%	moutonSurHerbe=0%	{Broute=3, Cherche herbe=7, Errance=6, Regroupement=4}
22	WINTER	0	14	0	0	Em=416	El=0	herbe=33%	moutonSurHerbe=0%	{Broute=6, Cherche herbe=3, Errance=2, Regroupement=3}
23	WINTER	0	11	0	0	Em=529	El=0	herbe=28%	moutonSurHerbe=0%	{Broute=1, Cherche herbe=1, Errance=1, Regroupement=8}
24	SPRING	0	11	0	0	Em=503	El=0	herbe=27%	moutonSurHerbe=0%	{Broute=4, Cherche herbe=4, Regroupement=3}
25	SPRING	0	10	0	0	Em=564	El=0	herbe=47%	moutonSurHerbe=0%	{Broute=2, Cherche herbe=3, Errance=1, Regroupement=4}
26	SPRING	0	10	0	0	Em=561	El=0	herbe=55%	moutonSurHerbe=10%	{Broute=5, Cherche herbe=1, Errance=1, Regroupement=3}
27	SUMMER	0	10	0	0	Em=547	El=0	herbe=60%	moutonSurHerbe=0%	{Broute=6, Cherche herbe=1, Errance=1, Regroupement=2}
28	SUMMER	0	5	0	0	Em=583	El=0	herbe=59%	moutonSurHerbe=0%	{Broute=3, Cherche herbe=1, Regroupement=1}
29	SUMMER	0	4	0	0	Em=659	El=0	herbe=62%	moutonSurHerbe=0%	{Errance=2, Regroupement=2}
30	AUTUMN	0	4	0	0	Em=601	El=0	herbe=66%	moutonSurHerbe=0%	{Broute=1, Cherche herbe=2, Errance=1}
31	AUTUMN	0	4	0	0	Em=584	El=0	herbe=65%	moutonSurHerbe=25%	{Errance=2, Regroupement=2}
32	AUTUMN	0	10	0	0	Em=409	El=0	herbe=55%	moutonSurHerbe=10%	{Broute=4, Errance=6}
33	WINTER	0	19	0	0	Em=326	El=0	herbe=53%	moutonSurHerbe=0%	{Broute=3, Cherche herbe=3, Errance=13}
34	WINTER	0	18	0	0	Em=220	El=0	herbe=42%	moutonSurHerbe=0%	{Broute=2, Cherche herbe=6, Errance=8, Regroupement=2}
35	WINTER	0	10	0	0	Em=331	El=0	herbe=35%	moutonSurHerbe=0%	{Broute=2, Cherche herbe=4, Errance=2, Regroupement=2}
36	SPRING	0	8	0	0	Em=356	El=0	herbe=35%	moutonSurHerbe=0%	{Broute=1, Cherche herbe=3, Errance=1, Regroupement=3}
# --- BILAN ---
# loups   min=0  EXTINCT à un moment
# moutons min=4  jamais éteint
  [rut MOUTON] j6 : 11 moutons
  [rut LOUP]   j9 : 0 loups
  [rut MOUTON] j18 : 8 moutons
  [rut LOUP]   j21 : 0 loups
  [rut MOUTON] j30 : 4 moutons
  [rut LOUP]   j33 : 0 loups
