Map : 12-531-1582-495681-1791765367, persistence : 1.0, octave : 3.0, fact : 0.04, periods : (8,8)
# dim=200 saison=3j an=57600 ticks | loups=0 moutons=80 ours=0 humains=0
# loupAge=15 moutonAge=50 loupE=1500 moutonE=2500
day	season	loups	moutons	ours	humains
0	SPRING	0	80	0	0	Em=2500	El=0	herbe=40%	moutonSurHerbe=36%	{Errance=80}
1	SPRING	0	80	0	0	Em=1951	El=0	herbe=72%	moutonSurHerbe=66%	{Errance=3, Regroupement=77}
2	SPRING	0	80	0	0	Em=1761	El=0	herbe=71%	moutonSurHerbe=28%	{Broute=11, Cherche herbe=2, Errance=2, Regroupement=65}
3	SUMMER	0	80	0	0	Em=1775	El=0	herbe=70%	moutonSurHerbe=33%	{Broute=3, Errance=3, Regroupement=74}
4	SUMMER	0	80	0	0	Em=1753	El=0	herbe=71%	moutonSurHerbe=24%	{Broute=2, Errance=3, Regroupement=75}
5	SUMMER	0	73	0	0	Em=1862	El=0	herbe=71%	moutonSurHerbe=18%	{Errance=3, Regroupement=70}
6	AUTUMN	0	73	0	0	Em=1803	El=0	herbe=70%	moutonSurHerbe=8%	{Broute=1, Errance=2, Regroupement=70}
7	AUTUMN	0	73	0	0	Em=1722	El=0	herbe=68%	moutonSurHerbe=19%	{Broute=1, Cherche herbe=1, Cherche partenaire=65, Errance=1, Regroupement=5}
8	AUTUMN	0	72	0	0	Em=1630	El=0	herbe=69%	moutonSurHerbe=7%	{Broute=5, Cherche herbe=3, Cherche partenaire=55, Cherche terre=3, Errance=1, Regroupement=5}
9	WINTER	0	65	0	0	Em=1511	El=0	herbe=65%	moutonSurHerbe=9%	{Broute=3, Cherche herbe=6, Cherche partenaire=45, Cherche terre=6, Errance=1, Regroupement=4}
10	WINTER	0	58	0	0	Em=1630	El=0	herbe=57%	moutonSurHerbe=5%	{Broute=2, Cherche herbe=8, Errance=1, Regroupement=47}
11	WINTER	0	31	0	0	Em=1448	El=0	herbe=57%	moutonSurHerbe=3%	{Broute=5, Cherche herbe=6, Cherche terre=1, Regroupement=19}
12	SPRING	0	17	0	0	Em=1762	El=0	herbe=54%	moutonSurHerbe=18%	{Errance=3, Regroupement=14}
13	SPRING	0	17	0	0	Em=1871	El=0	herbe=70%	moutonSurHerbe=41%	{Broute=2, Errance=1, Regroupement=14}
14	SPRING	0	15	0	0	Em=1877	El=0	herbe=72%	moutonSurHerbe=33%	{Broute=1, Errance=1, Regroupement=13}
15	SUMMER	0	15	0	0	Em=1864	El=0	herbe=72%	moutonSurHerbe=47%	{Broute=1, Regroupement=14}
16	SUMMER	0	15	0	0	Em=1863	El=0	herbe=71%	moutonSurHerbe=33%	{Broute=4, Errance=1, Regroupement=10}
17	SUMMER	0	15	0	0	Em=1882	El=0	herbe=70%	moutonSurHerbe=27%	{Regroupement=15}
18	AUTUMN	0	15	0	0	Em=1886	El=0	herbe=71%	moutonSurHerbe=60%	{Regroupement=15}
19	AUTUMN	0	35	0	0	Em=802	El=0	herbe=70%	moutonSurHerbe=3%	{Broute=2, Cherche partenaire=7, Cherche terre=4, Errance=18, Regroupement=4}
20	AUTUMN	0	27	0	0	Em=825	El=0	herbe=68%	moutonSurHerbe=11%	{Broute=3, Cherche partenaire=8, Cherche terre=1, Errance=9, Regroupement=6}
21	WINTER	0	24	0	0	Em=655	El=0	herbe=67%	moutonSurHerbe=4%	{Broute=4, Cherche herbe=2, Cherche partenaire=3, Cherche terre=1, Errance=9, Regroupement=5}
22	WINTER	0	18	0	0	Em=759	El=0	herbe=63%	moutonSurHerbe=0%	{Broute=5, Errance=5, Regroupement=8}
23	WINTER	0	13	0	0	Em=1014	El=0	herbe=62%	moutonSurHerbe=0%	{Broute=4, Cherche herbe=1, Errance=4, Regroupement=4}
24	SPRING	0	13	0	0	Em=961	El=0	herbe=57%	moutonSurHerbe=0%	{Cherche herbe=2, Errance=1, Regroupement=10}
25	SPRING	0	13	0	0	Em=1018	El=0	herbe=69%	moutonSurHerbe=23%	{Broute=6, Cherche herbe=1, Regroupement=6}
26	SPRING	0	12	0	0	Em=1076	El=0	herbe=70%	moutonSurHerbe=0%	{Broute=3, Errance=1, Regroupement=8}
27	SUMMER	0	9	0	0	Em=996	El=0	herbe=69%	moutonSurHerbe=11%	{Broute=1, Errance=1, Regroupement=7}
28	SUMMER	0	9	0	0	Em=923	El=0	herbe=69%	moutonSurHerbe=11%	{Broute=3, Cherche herbe=1, Errance=1, Regroupement=4}
29	SUMMER	0	9	0	0	Em=915	El=0	herbe=69%	moutonSurHerbe=11%	{Broute=1, Errance=1, Regroupement=7}
30	AUTUMN	0	9	0	0	Em=978	El=0	herbe=71%	moutonSurHerbe=22%	{Errance=1, Regroupement=8}
# --- BILAN ---
# loups   min=0  EXTINCT à un moment
# moutons min=9  jamais éteint
  [rut MOUTON] j6 : 73 moutons
  [rut LOUP]   j9 : 0 loups
  [rut MOUTON] j18 : 15 moutons
  [rut LOUP]   j21 : 0 loups
  [rut MOUTON] j30 : 9 moutons
