Map : 9-293-8513-307390-252261344, persistence : 1.0, octave : 3.0, fact : 0.08, periods : (8,8)
# dim=100 saison=3j an=57600 ticks | loups=0 moutons=12 ours=0 humains=0
# loupAge=15 moutonAge=50 loupE=1500 moutonE=2500
day	season	loups	moutons	ours	humains
0	SPRING	0	12	0	0	Em=2500	El=0	herbe=43%	moutonSurHerbe=8%	{Errance=12}
1	SPRING	0	12	0	0	Em=1900	El=0	herbe=63%	moutonSurHerbe=92%	{Regroupement=12}
2	SPRING	0	12	0	0	Em=1867	El=0	herbe=68%	moutonSurHerbe=50%	{Regroupement=12}
3	SUMMER	0	12	0	0	Em=1866	El=0	herbe=70%	moutonSurHerbe=0%	{Regroupement=12}
4	SUMMER	0	12	0	0	Em=1853	El=0	herbe=66%	moutonSurHerbe=0%	{Broute=2, Regroupement=10}
5	SUMMER	0	12	0	0	Em=1794	El=0	herbe=69%	moutonSurHerbe=0%	{Broute=3, Regroupement=9}
6	AUTUMN	0	12	0	0	Em=1703	El=0	herbe=70%	moutonSurHerbe=0%	{Broute=2, Cherche herbe=3, Regroupement=7}
7	AUTUMN	0	23	0	0	Em=520	El=0	herbe=50%	moutonSurHerbe=4%	{Broute=5, Cherche herbe=5, Cherche partenaire=1, Errance=10, Regroupement=2}
8	AUTUMN	0	24	0	0	Em=562	El=0	herbe=45%	moutonSurHerbe=4%	{Broute=5, Cherche herbe=3, Cherche partenaire=1, Cherche terre=4, Errance=10, Regroupement=1}
9	WINTER	0	22	0	0	Em=561	El=0	herbe=42%	moutonSurHerbe=0%	{Broute=2, Cherche herbe=4, Cherche partenaire=1, Cherche terre=1, Errance=10, Regroupement=4}
10	WINTER	0	10	0	0	Em=1058	El=0	herbe=32%	moutonSurHerbe=0%	{Broute=1, Cherche herbe=2, Errance=2, Regroupement=5}
11	WINTER	0	10	0	0	Em=1042	El=0	herbe=33%	moutonSurHerbe=0%	{Broute=2, Cherche herbe=3, Errance=1, Regroupement=4}
12	SPRING	0	9	0	0	Em=986	El=0	herbe=35%	moutonSurHerbe=0%	{Broute=1, Cherche herbe=2, Errance=1, Regroupement=5}
13	SPRING	0	9	0	0	Em=948	El=0	herbe=53%	moutonSurHerbe=0%	{Broute=3, Cherche herbe=2, Errance=1, Regroupement=3}
14	SPRING	0	8	0	0	Em=1039	El=0	herbe=60%	moutonSurHerbe=0%	{Broute=1, Cherche herbe=1, Regroupement=6}
15	SUMMER	0	8	0	0	Em=1086	El=0	herbe=65%	moutonSurHerbe=0%	{Broute=2, Cherche herbe=1, Regroupement=5}
16	SUMMER	0	8	0	0	Em=1130	El=0	herbe=60%	moutonSurHerbe=0%	{Broute=2, Cherche herbe=1, Regroupement=5}
17	SUMMER	0	8	0	0	Em=1146	El=0	herbe=62%	moutonSurHerbe=0%	{Cherche herbe=2, Regroupement=6}
18	AUTUMN	0	7	0	0	Em=1289	El=0	herbe=61%	moutonSurHerbe=0%	{Broute=3, Regroupement=4}
19	AUTUMN	0	21	0	0	Em=348	El=0	herbe=44%	moutonSurHerbe=0%	{Broute=2, Cherche herbe=4, Errance=11, Regroupement=4}
20	AUTUMN	0	21	0	0	Em=295	El=0	herbe=36%	moutonSurHerbe=0%	{Broute=5, Cherche herbe=4, Errance=8, Regroupement=4}
21	WINTER	0	21	0	0	Em=344	El=0	herbe=28%	moutonSurHerbe=0%	{Broute=3, Cherche herbe=6, Cherche partenaire=1, Errance=5, Regroupement=6}
22	WINTER	0	18	0	0	Em=328	El=0	herbe=14%	moutonSurHerbe=0%	{Broute=5, Cherche herbe=5, Errance=4, Regroupement=4}
23	WINTER	0	15	0	0	Em=385	El=0	herbe=10%	moutonSurHerbe=0%	{Broute=8, Cherche herbe=3, Errance=1, Regroupement=3}
24	SPRING	0	14	0	0	Em=354	El=0	herbe=10%	moutonSurHerbe=0%	{Cherche herbe=12, Regroupement=2}
25	SPRING	0	14	0	0	Em=426	El=0	herbe=34%	moutonSurHerbe=0%	{Broute=4, Cherche herbe=4, Errance=3, Regroupement=3}
26	SPRING	0	13	0	0	Em=479	El=0	herbe=43%	moutonSurHerbe=0%	{Broute=4, Cherche herbe=5, Regroupement=4}
27	SUMMER	0	12	0	0	Em=513	El=0	herbe=43%	moutonSurHerbe=0%	{Broute=3, Cherche herbe=3, Errance=2, Regroupement=4}
28	SUMMER	0	12	0	0	Em=492	El=0	herbe=49%	moutonSurHerbe=0%	{Broute=3, Cherche herbe=5, Errance=1, Regroupement=3}
29	SUMMER	0	11	0	0	Em=508	El=0	herbe=51%	moutonSurHerbe=0%	{Broute=3, Cherche herbe=3, Errance=3, Regroupement=2}
30	AUTUMN	0	10	0	0	Em=532	El=0	herbe=51%	moutonSurHerbe=0%	{Broute=2, Cherche herbe=4, Regroupement=4}
31	AUTUMN	0	21	0	0	Em=322	El=0	herbe=41%	moutonSurHerbe=10%	{Broute=5, Cherche herbe=3, Cherche partenaire=3, Errance=3, Regroupement=7}
32	AUTUMN	0	19	0	0	Em=188	El=0	herbe=32%	moutonSurHerbe=0%	{Broute=6, Cherche herbe=12, Cherche partenaire=1}
33	WINTER	0	14	0	0	Em=201	El=0	herbe=24%	moutonSurHerbe=0%	{Broute=6, Cherche herbe=5, Errance=3}
34	WINTER	0	9	0	0	Em=196	El=0	herbe=21%	moutonSurHerbe=0%	{Broute=4, Cherche herbe=3, Errance=2}
35	WINTER	0	3	0	0	Em=233	El=0	herbe=25%	moutonSurHerbe=0%	{Broute=2, Errance=1}
36	SPRING	0	3	0	0	Em=236	El=0	herbe=32%	moutonSurHerbe=0%	{Broute=1, Cherche herbe=1, Errance=1}
37	SPRING	0	3	0	0	Em=251	El=0	herbe=54%	moutonSurHerbe=0%	{Broute=1, Cherche herbe=1, Errance=1}
38	SPRING	0	3	0	0	Em=199	El=0	herbe=57%	moutonSurHerbe=0%	{Broute=1, Errance=2}
39	SUMMER	0	3	0	0	Em=253	El=0	herbe=60%	moutonSurHerbe=0%	{Broute=1, Cherche herbe=1, Errance=1}
40	SUMMER	0	3	0	0	Em=247	El=0	herbe=63%	moutonSurHerbe=0%	{Broute=1, Errance=2}
41	SUMMER	0	3	0	0	Em=221	El=0	herbe=60%	moutonSurHerbe=0%	{Broute=1, Cherche herbe=2}
42	AUTUMN	0	3	0	0	Em=236	El=0	herbe=61%	moutonSurHerbe=0%	{Broute=1, Errance=2}
43	AUTUMN	0	3	0	0	Em=254	El=0	herbe=59%	moutonSurHerbe=0%	{Broute=3}
44	AUTUMN	0	2	0	0	Em=260	El=0	herbe=56%	moutonSurHerbe=0%	{Cherche herbe=1, Cherche partenaire=1}
45	WINTER	0	2	0	0	Em=242	El=0	herbe=60%	moutonSurHerbe=0%	{Cherche partenaire=2}
46	WINTER	0	2	0	0	Em=135	El=0	herbe=61%	moutonSurHerbe=0%	{Broute=1, Cherche herbe=1}
47	WINTER	0	1	0	0	Em=235	El=0	herbe=55%	moutonSurHerbe=0%	{Broute=1}
48	SPRING	0	0	0	0	Em=0	El=0	herbe=50%	moutonSurHerbe=0%	{}
# EXTINCTION TOTALE jour 48
# --- BILAN ---
# loups   min=0  EXTINCT à un moment
# moutons min=0  EXTINCT à un moment
  [rut MOUTON] j6 : 12 moutons
  [rut LOUP]   j9 : 0 loups
  [rut MOUTON] j18 : 7 moutons
  [rut LOUP]   j21 : 0 loups
  [rut MOUTON] j30 : 10 moutons
  [rut LOUP]   j33 : 0 loups
  [rut MOUTON] j42 : 3 moutons
  [rut LOUP]   j45 : 0 loups
