Map : 11-906-1483-691836-2085007836, persistence : 1.0, octave : 3.0, fact : 0.08, periods : (8,8)
# dim=100 saison=3j an=57600 ticks | loups=0 moutons=5 ours=0 humains=0
# loupAge=15 moutonAge=24 loupE=1500 moutonE=1500
day	season	loups	moutons	ours	humains
0	SPRING	0	5	0	0	Em=1500	El=0	herbe=45%	moutonSurHerbe=80%
1	SPRING	0	5	0	0	Em=1128	El=0	herbe=65%	moutonSurHerbe=20%
2	SPRING	0	5	0	0	Em=1064	El=0	herbe=72%	moutonSurHerbe=40%
3	SUMMER	0	5	0	0	Em=1005	El=0	herbe=73%	moutonSurHerbe=0%
4	SUMMER	0	5	0	0	Em=883	El=0	herbe=74%	moutonSurHerbe=0%
5	SUMMER	0	5	0	0	Em=693	El=0	herbe=73%	moutonSurHerbe=0%
6	AUTUMN	0	5	0	0	Em=569	El=0	herbe=71%	moutonSurHerbe=0%
7	AUTUMN	0	2	0	0	Em=286	El=0	herbe=67%	moutonSurHerbe=0%
8	AUTUMN	0	2	0	0	Em=1111	El=0	herbe=68%	moutonSurHerbe=50%
9	WINTER	0	2	0	0	Em=1074	El=0	herbe=70%	moutonSurHerbe=50%
10	WINTER	0	2	0	0	Em=1125	El=0	herbe=60%	moutonSurHerbe=50%
11	WINTER	0	2	0	0	Em=1131	El=0	herbe=55%	moutonSurHerbe=50%
12	SPRING	0	2	0	0	Em=1123	El=0	herbe=56%	moutonSurHerbe=50%
13	SPRING	0	2	0	0	Em=1133	El=0	herbe=69%	moutonSurHerbe=50%
14	SPRING	0	2	0	0	Em=1132	El=0	herbe=74%	moutonSurHerbe=100%
15	SUMMER	0	2	0	0	Em=1128	El=0	herbe=74%	moutonSurHerbe=100%
16	SUMMER	0	2	0	0	Em=1116	El=0	herbe=74%	moutonSurHerbe=50%
17	SUMMER	0	2	0	0	Em=1126	El=0	herbe=73%	moutonSurHerbe=50%
18	AUTUMN	0	2	0	0	Em=1133	El=0	herbe=75%	moutonSurHerbe=50%
19	AUTUMN	0	2	0	0	Em=1128	El=0	herbe=67%	moutonSurHerbe=0%
20	AUTUMN	0	2	0	0	Em=1041	El=0	herbe=60%	moutonSurHerbe=0%
21	WINTER	0	2	0	0	Em=1126	El=0	herbe=62%	moutonSurHerbe=50%
22	WINTER	0	2	0	0	Em=1080	El=0	herbe=64%	moutonSurHerbe=50%
23	WINTER	0	2	0	0	Em=1117	El=0	herbe=61%	moutonSurHerbe=0%
24	SPRING	0	2	0	0	Em=1119	El=0	herbe=63%	moutonSurHerbe=0%
25	SPRING	0	0	0	0	Em=0	El=0	herbe=73%	moutonSurHerbe=0%
# EXTINCTION TOTALE jour 25
# --- BILAN ---
# loups   min=0  EXTINCT à un moment
# moutons min=0  EXTINCT à un moment
  [rut MOUTON] j6 : 5 moutons
  [rut LOUP]   j9 : 0 loups
  [rut MOUTON] j18 : 2 moutons
  [rut LOUP]   j21 : 0 loups
