Map : 18-841-4850-228137-1278831251, persistence : 1.0, octave : 3.0, fact : 0.08, periods : (8,8)
# dim=100 saison=3j an=57600 ticks | loups=0 moutons=20 ours=0 humains=0
# loupAge=15 moutonAge=50 loupE=1500 moutonE=2500
day	season	loups	moutons	ours	humains
0	SPRING	0	20	0	0	Em=2500	El=0	herbe=42%	moutonSurHerbe=30%	{Errance=20}
1	SPRING	0	20	0	0	Em=1911	El=0	herbe=63%	moutonSurHerbe=60%	{Regroupement=20}
2	SPRING	0	20	0	0	Em=1824	El=0	herbe=67%	moutonSurHerbe=5%	{Broute=1, Regroupement=19}
3	SUMMER	0	20	0	0	Em=1770	El=0	herbe=68%	moutonSurHerbe=0%	{Regroupement=20}
4	SUMMER	0	20	0	0	Em=1761	El=0	herbe=64%	moutonSurHerbe=5%	{Broute=1, Regroupement=19}
5	SUMMER	0	20	0	0	Em=1724	El=0	herbe=66%	moutonSurHerbe=15%	{Broute=1, Cherche herbe=3, Regroupement=16}
6	AUTUMN	0	20	0	0	Em=1747	El=0	herbe=67%	moutonSurHerbe=0%	{Broute=1, Cherche herbe=1, Regroupement=18}
7	AUTUMN	0	31	0	0	Em=857	El=0	herbe=53%	moutonSurHerbe=0%	{Broute=6, Cherche partenaire=12, Cherche terre=1, Errance=11, Regroupement=1}
8	AUTUMN	0	24	0	0	Em=835	El=0	herbe=48%	moutonSurHerbe=17%	{Cherche herbe=3, Cherche partenaire=9, Cherche terre=2, Errance=10}
9	WINTER	0	22	0	0	Em=569	El=0	herbe=42%	moutonSurHerbe=0%	{Broute=5, Cherche herbe=3, Cherche partenaire=5, Errance=9}
10	WINTER	0	14	0	0	Em=990	El=0	herbe=37%	moutonSurHerbe=0%	{Broute=4, Cherche herbe=3, Errance=1, Regroupement=6}
11	WINTER	0	11	0	0	Em=1040	El=0	herbe=36%	moutonSurHerbe=0%	{Broute=1, Cherche herbe=3, Regroupement=7}
12	SPRING	0	9	0	0	Em=953	El=0	herbe=29%	moutonSurHerbe=0%	{Broute=3, Cherche herbe=3, Regroupement=3}
13	SPRING	0	9	0	0	Em=1030	El=0	herbe=51%	moutonSurHerbe=0%	{Broute=2, Regroupement=7}
14	SPRING	0	9	0	0	Em=972	El=0	herbe=60%	moutonSurHerbe=0%	{Broute=3, Regroupement=6}
15	SUMMER	0	9	0	0	Em=931	El=0	herbe=63%	moutonSurHerbe=0%	{Broute=2, Cherche herbe=4, Regroupement=3}
16	SUMMER	0	9	0	0	Em=989	El=0	herbe=61%	moutonSurHerbe=0%	{Broute=2, Cherche herbe=1, Regroupement=6}
17	SUMMER	0	9	0	0	Em=982	El=0	herbe=62%	moutonSurHerbe=0%	{Broute=2, Regroupement=7}
18	AUTUMN	0	9	0	0	Em=1022	El=0	herbe=63%	moutonSurHerbe=0%	{Broute=1, Cherche herbe=2, Errance=1, Regroupement=5}
19	AUTUMN	0	22	0	0	Em=457	El=0	herbe=46%	moutonSurHerbe=0%	{Broute=6, Cherche herbe=2, Cherche partenaire=4, Errance=9, Regroupement=1}
20	AUTUMN	0	22	0	0	Em=428	El=0	herbe=41%	moutonSurHerbe=0%	{Broute=3, Cherche herbe=8, Cherche partenaire=2, Errance=9}
21	WINTER	0	20	0	0	Em=381	El=0	herbe=30%	moutonSurHerbe=5%	{Broute=6, Cherche herbe=2, Errance=7, Fuit feu=2, Regroupement=3}
22	WINTER	0	16	0	0	Em=431	El=0	herbe=23%	moutonSurHerbe=0%	{Broute=1, Cherche herbe=6, Errance=7, Regroupement=2}
23	WINTER	0	9	0	0	Em=675	El=0	herbe=25%	moutonSurHerbe=0%	{Broute=1, Cherche herbe=4, Errance=1, Regroupement=3}
24	SPRING	0	6	0	0	Em=929	El=0	herbe=25%	moutonSurHerbe=0%	{Broute=1, Cherche herbe=1, Regroupement=4}
25	SPRING	0	6	0	0	Em=1048	El=0	herbe=51%	moutonSurHerbe=17%	{Broute=1, Cherche herbe=1, Errance=1, Regroupement=3}
26	SPRING	0	6	0	0	Em=1057	El=0	herbe=62%	moutonSurHerbe=0%	{Broute=1, Regroupement=5}
27	SUMMER	0	6	0	0	Em=1018	El=0	herbe=65%	moutonSurHerbe=33%	{Errance=1, Regroupement=5}
28	SUMMER	0	6	0	0	Em=1081	El=0	herbe=65%	moutonSurHerbe=0%	{Broute=2, Regroupement=4}
29	SUMMER	0	6	0	0	Em=1064	El=0	herbe=65%	moutonSurHerbe=0%	{Broute=2, Regroupement=4}
30	AUTUMN	0	4	0	0	Em=1480	El=0	herbe=63%	moutonSurHerbe=0%	{Regroupement=4}
31	AUTUMN	0	21	0	0	Em=360	El=0	herbe=56%	moutonSurHerbe=0%	{Broute=3, Cherche herbe=2, Cherche partenaire=1, Cherche terre=1, Errance=11, Regroupement=3}
32	AUTUMN	0	22	0	0	Em=393	El=0	herbe=40%	moutonSurHerbe=0%	{Broute=1, Cherche herbe=5, Cherche partenaire=2, Errance=11, Regroupement=3}
33	WINTER	0	21	0	0	Em=432	El=0	herbe=32%	moutonSurHerbe=0%	{Broute=3, Cherche herbe=5, Cherche partenaire=2, Errance=9, Regroupement=2}
34	WINTER	0	13	0	0	Em=499	El=0	herbe=26%	moutonSurHerbe=0%	{Broute=3, Cherche herbe=6, Errance=2, Regroupement=2}
35	WINTER	0	10	0	0	Em=626	El=0	herbe=24%	moutonSurHerbe=0%	{Broute=4, Cherche herbe=2, Regroupement=4}
36	SPRING	0	9	0	0	Em=611	El=0	herbe=26%	moutonSurHerbe=0%	{Broute=1, Cherche herbe=4, Errance=1, Regroupement=3}
37	SPRING	0	8	0	0	Em=734	El=0	herbe=50%	moutonSurHerbe=0%	{Broute=2, Cherche herbe=1, Regroupement=5}
38	SPRING	0	8	0	0	Em=778	El=0	herbe=58%	moutonSurHerbe=0%	{Broute=3, Errance=1, Regroupement=4}
39	SUMMER	0	7	0	0	Em=781	El=0	herbe=59%	moutonSurHerbe=0%	{Broute=1, Cherche herbe=2, Regroupement=4}
40	SUMMER	0	7	0	0	Em=856	El=0	herbe=63%	moutonSurHerbe=0%	{Broute=1, Errance=1, Regroupement=5}
41	SUMMER	0	7	0	0	Em=852	El=0	herbe=62%	moutonSurHerbe=0%	{Broute=1, Cherche herbe=1, Errance=1, Regroupement=4}
42	AUTUMN	0	7	0	0	Em=843	El=0	herbe=59%	moutonSurHerbe=0%	{Broute=3, Cherche herbe=1, Regroupement=3}
43	AUTUMN	0	21	0	0	Em=292	El=0	herbe=48%	moutonSurHerbe=0%	{Broute=1, Cherche herbe=9, Errance=11}
44	AUTUMN	0	5	0	0	Em=238	El=0	herbe=35%	moutonSurHerbe=0%	{Broute=3, Cherche herbe=2}
45	WINTER	0	5	0	0	Em=224	El=0	herbe=41%	moutonSurHerbe=0%	{Broute=1, Cherche partenaire=2, Errance=2}
46	WINTER	0	4	0	0	Em=204	El=0	herbe=40%	moutonSurHerbe=0%	{Broute=1, Cherche herbe=2, Errance=1}
47	WINTER	0	4	0	0	Em=208	El=0	herbe=39%	moutonSurHerbe=0%	{Broute=2, Cherche herbe=1, Regroupement=1}
48	SPRING	0	4	0	0	Em=215	El=0	herbe=40%	moutonSurHerbe=0%	{Cherche herbe=4}
# --- BILAN ---
# loups   min=0  EXTINCT à un moment
# moutons min=4  jamais éteint
  [rut MOUTON] j6 : 20 moutons
  [rut LOUP]   j9 : 0 loups
  [rut MOUTON] j18 : 9 moutons
  [rut LOUP]   j21 : 0 loups
  [rut MOUTON] j30 : 4 moutons
  [rut LOUP]   j33 : 0 loups
  [rut MOUTON] j42 : 7 moutons
  [rut LOUP]   j45 : 0 loups
